Java HotSpot(TM) 64-Bit Server VM (25.201-b09) for windows-amd64 JRE (1.8.0_201-b09), built on Dec 15 2018 18:36:39 by "java_re" with MS VC++ 10.0 (VS2010)
Memory: 4k page, physical 7239248k(789984k free), swap 19297872k(2714084k free)
CommandLine flags: -XX:-BytecodeVerificationLocal -XX:-BytecodeVerificationRemote -XX:InitialHeapSize=5242880 -XX:+ManagementServer -XX:MaxHeapSize=5242880 -XX:+PrintGC -XX:+PrintGCDetails -XX:+PrintGCTimeStamps -XX:TieredStopAtLevel=1 -XX:+UseCompressedClassPointers -XX:+UseCompressedOops -XX:-UseLargePagesIndividualAllocation -XX:+UseParallelGC 
0.398: [GC (Allocation Failure) [PSYoungGen: 1024K->486K(1536K)] 1024K->742K(5632K), 0.0034192 secs] [Times: user=0.00 sys=0.00, real=0.00 secs] 
1.021: [GC (Allocation Failure) [PSYoungGen: 1467K->501K(1536K)] 1723K->1037K(5632K), 0.0022406 secs] [Times: user=0.00 sys=0.00, real=0.00 secs] 
1.167: [GC (Allocation Failure) [PSYoungGen: 1525K->502K(1536K)] 2061K->1219K(5632K), 0.0021902 secs] [Times: user=0.00 sys=0.00, real=0.00 secs] 
1.206: [GC (Allocation Failure) [PSYoungGen: 1298K->486K(1536K)] 2016K->1470K(5632K), 0.0030190 secs] [Times: user=0.00 sys=0.00, real=0.00 secs] 
1.277: [GC (Allocation Failure) [PSYoungGen: 1510K->502K(1536K)] 2494K->1550K(5632K), 0.0029347 secs] [Times: user=0.00 sys=0.00, real=0.00 secs] 
1.403: [GC (Allocation Failure) [PSYoungGen: 1526K->486K(1536K)] 2574K->1834K(5632K), 0.0012453 secs] [Times: user=0.00 sys=0.00, real=0.00 secs] 
1.483: [GC (Allocation Failure) [PSYoungGen: 1504K->288K(1536K)] 2851K->1994K(5632K), 0.0010925 secs] [Times: user=0.01 sys=0.00, real=0.00 secs] 
3.741: [GC (Allocation Failure) [PSYoungGen: 1312K->320K(1536K)] 3018K->2090K(5632K), 0.0331110 secs] [Times: user=0.00 sys=0.00, real=0.03 secs] 
3.959: [GC (Allocation Failure) [PSYoungGen: 1344K->288K(1536K)] 3114K->2122K(5632K), 0.0302784 secs] [Times: user=0.00 sys=0.00, real=0.03 secs] 
4.121: [GC (Allocation Failure) [PSYoungGen: 1312K->160K(1536K)] 3146K->2218K(5632K), 0.0426689 secs] [Times: user=0.00 sys=0.00, real=0.04 secs] 
4.286: [GC (Allocation Failure) [PSYoungGen: 1182K->160K(1536K)] 3241K->2298K(5632K), 0.0077021 secs] [Times: user=0.00 sys=0.00, real=0.01 secs] 
4.403: [GC (Allocation Failure) [PSYoungGen: 1184K->192K(1536K)] 3322K->2386K(5632K), 0.0227403 secs] [Times: user=0.00 sys=0.00, real=0.02 secs] 
4.495: [GC (Allocation Failure) [PSYoungGen: 1212K->160K(1536K)] 3407K->2506K(5632K), 0.0109292 secs] [Times: user=0.00 sys=0.00, real=0.01 secs] 
4.589: [GC (Allocation Failure) [PSYoungGen: 1159K->160K(1536K)] 3505K->2650K(5632K), 0.0172227 secs] [Times: user=0.00 sys=0.00, real=0.02 secs] 
4.785: [GC (Allocation Failure) [PSYoungGen: 1184K->160K(1536K)] 3674K->2762K(5632K), 0.0441529 secs] [Times: user=0.00 sys=0.00, real=0.04 secs] 
4.999: [GC (Allocation Failure) [PSYoungGen: 1181K->160K(1536K)] 3784K->2858K(5632K), 0.0907104 secs] [Times: user=0.00 sys=0.00, real=0.09 secs] 
5.184: [GC (Allocation Failure) [PSYoungGen: 1176K->224K(1536K)] 3874K->3018K(5632K), 0.0088998 secs] [Times: user=0.00 sys=0.00, real=0.01 secs] 
5.281: [GC (Allocation Failure) [PSYoungGen: 1237K->247K(1536K)] 4031K->3114K(5632K), 0.0051878 secs] [Times: user=0.00 sys=0.00, real=0.01 secs] 
5.327: [GC (Allocation Failure) [PSYoungGen: 1271K->160K(1536K)] 4138K->3102K(5632K), 0.0039758 secs] [Times: user=0.05 sys=0.00, real=0.00 secs] 
5.405: [GC (Allocation Failure) [PSYoungGen: 1184K->288K(1536K)] 4126K->3309K(5632K), 0.0026064 secs] [Times: user=0.00 sys=0.00, real=0.00 secs] 
5.425: [GC (Allocation Failure) [PSYoungGen: 1299K->288K(1536K)] 4321K->3389K(5632K), 0.0060189 secs] [Times: user=0.00 sys=0.00, real=0.01 secs] 
5.462: [GC (Allocation Failure) [PSYoungGen: 1307K->256K(1536K)] 4409K->3564K(5632K), 0.0502004 secs] [Times: user=0.00 sys=0.00, real=0.05 secs] 
5.583: [GC (Allocation Failure) [PSYoungGen: 1280K->288K(1536K)] 4588K->3780K(5632K), 0.0205789 secs] [Times: user=0.00 sys=0.00, real=0.02 secs] 
5.645: [GC (Allocation Failure) [PSYoungGen: 1312K->250K(1536K)] 4804K->3886K(5632K), 0.0065875 secs] [Times: user=0.00 sys=0.00, real=0.01 secs] 
5.703: [GC (Allocation Failure) [PSYoungGen: 1274K->192K(1536K)] 4910K->3880K(5632K), 0.0149080 secs] [Times: user=0.00 sys=0.00, real=0.02 secs] 
5.766: [GC (Allocation Failure) [PSYoungGen: 1216K->288K(1536K)] 4904K->4032K(5632K), 0.0024751 secs] [Times: user=0.00 sys=0.00, real=0.00 secs] 
5.791: [GC (Allocation Failure) [PSYoungGen: 1312K->160K(1536K)] 5056K->3920K(5632K), 0.0071071 secs] [Times: user=0.00 sys=0.02, real=0.01 secs] 
5.845: [GC (Allocation Failure) [PSYoungGen: 1184K->197K(1536K)] 4944K->4054K(5632K), 0.0055938 secs] [Times: user=0.00 sys=0.00, real=0.00 secs] 
5.851: [Full GC (Ergonomics) [PSYoungGen: 197K->0K(1536K)] [ParOldGen: 3856K->3015K(4096K)] 4054K->3015K(5632K), [Metaspace: 9391K->9391K(1058816K)], 0.0639252 secs] [Times: user=0.03 sys=0.00, real=0.06 secs] 
5.941: [GC (Allocation Failure) [PSYoungGen: 1024K->128K(1536K)] 4039K->3143K(5632K), 0.0254730 secs] [Times: user=0.00 sys=0.00, real=0.03 secs] 
6.041: [GC (Allocation Failure) [PSYoungGen: 1152K->179K(1536K)] 4167K->3234K(5632K), 0.0154518 secs] [Times: user=0.00 sys=0.00, real=0.02 secs] 
6.095: [GC (Allocation Failure) [PSYoungGen: 1203K->224K(1536K)] 4258K->3319K(5632K), 0.0191022 secs] [Times: user=0.00 sys=0.00, real=0.02 secs] 
6.164: [GC (Allocation Failure) [PSYoungGen: 1246K->175K(1536K)] 4342K->3294K(5632K), 0.0106001 secs] [Times: user=0.00 sys=0.01, real=0.01 secs] 
6.204: [GC (Allocation Failure) [PSYoungGen: 1199K->224K(1536K)] 4318K->3383K(5632K), 0.0273890 secs] [Times: user=0.00 sys=0.00, real=0.03 secs] 
6.272: [GC (Allocation Failure) [PSYoungGen: 1235K->220K(1536K)] 4395K->3436K(5632K), 0.0037144 secs] [Times: user=0.00 sys=0.00, real=0.00 secs] 
6.320: [GC (Allocation Failure) [PSYoungGen: 1240K->320K(1536K)] 4456K->3612K(5632K), 0.0066002 secs] [Times: user=0.00 sys=0.00, real=0.01 secs] 
6.451: [GC (Allocation Failure) [PSYoungGen: 1331K->128K(1536K)] 4623K->3465K(5632K), 0.0245816 secs] [Times: user=0.00 sys=0.00, real=0.02 secs] 
6.545: [GC (Allocation Failure) [PSYoungGen: 1152K->96K(1536K)] 4489K->3489K(5632K), 0.0115042 secs] [Times: user=0.00 sys=0.02, real=0.01 secs] 
6.585: [GC (Allocation Failure) [PSYoungGen: 1120K->256K(1536K)] 4513K->3713K(5632K), 0.0032955 secs] [Times: user=0.00 sys=0.00, real=0.00 secs] 
6.606: [GC (Allocation Failure) [PSYoungGen: 1280K->144K(1536K)] 4737K->3625K(5632K), 0.0042003 secs] [Times: user=0.02 sys=0.01, real=0.00 secs] 
6.626: [GC (Allocation Failure) [PSYoungGen: 1168K->160K(1536K)] 4649K->3673K(5632K), 0.0129504 secs] [Times: user=0.00 sys=0.00, real=0.01 secs] 
6.668: [GC (Allocation Failure) [PSYoungGen: 1184K->160K(1536K)] 4697K->3705K(5632K), 0.0175275 secs] [Times: user=0.00 sys=0.00, real=0.02 secs] 
6.723: [GC (Allocation Failure) [PSYoungGen: 1184K->160K(1536K)] 4729K->3761K(5632K), 0.0014799 secs] [Times: user=0.00 sys=0.00, real=0.00 secs] 
6.749: [GC (Allocation Failure) [PSYoungGen: 1184K->160K(1536K)] 4785K->3785K(5632K), 0.0080448 secs] [Times: user=0.00 sys=0.00, real=0.01 secs] 
6.790: [GC (Allocation Failure) [PSYoungGen: 1180K->224K(1536K)] 4805K->3896K(5632K), 0.0112059 secs] [Times: user=0.00 sys=0.02, real=0.01 secs] 
6.824: [GC (Allocation Failure) [PSYoungGen: 1248K->160K(1536K)] 4920K->3920K(5632K), 0.0126076 secs] [Times: user=0.02 sys=0.00, real=0.01 secs] 
6.887: [GC (Allocation Failure) [PSYoungGen: 1184K->96K(1536K)] 4944K->3904K(5632K), 0.0042141 secs] [Times: user=0.00 sys=0.00, real=0.01 secs] 
6.922: [GC (Allocation Failure) [PSYoungGen: 1108K->160K(1536K)] 4916K->4032K(5632K), 0.0040700 secs] [Times: user=0.02 sys=0.00, real=0.00 secs] 
6.946: [GC (Allocation Failure) [PSYoungGen: 1184K->273K(1536K)] 5056K->4246K(5632K), 0.0160143 secs] [Times: user=0.00 sys=0.02, real=0.02 secs] 
6.962: [Full GC (Ergonomics) [PSYoungGen: 273K->0K(1536K)] [ParOldGen: 3973K->3572K(4096K)] 4246K->3572K(5632K), [Metaspace: 11801K->11800K(1060864K)], 0.0731481 secs] [Times: user=0.08 sys=0.05, real=0.07 secs] 
7.058: [GC (Allocation Failure) [PSYoungGen: 1024K->160K(1536K)] 4596K->3740K(5632K), 0.0023654 secs] [Times: user=0.00 sys=0.00, real=0.00 secs] 
7.088: [GC (Allocation Failure) [PSYoungGen: 1184K->224K(1536K)] 4764K->3860K(5632K), 0.0130876 secs] [Times: user=0.00 sys=0.00, real=0.01 secs] 
7.118: [GC (Allocation Failure) [PSYoungGen: 1240K->160K(1536K)] 4876K->3836K(5632K), 0.0024939 secs] [Times: user=0.00 sys=0.00, real=0.00 secs] 
7.130: [GC (Allocation Failure) [PSYoungGen: 1155K->185K(1536K)] 4831K->3919K(5632K), 0.0084273 secs] [Times: user=0.00 sys=0.00, real=0.01 secs] 
7.154: [GC (Allocation Failure) [PSYoungGen: 1209K->281K(1536K)] 4943K->4072K(5632K), 0.0055105 secs] [Times: user=0.00 sys=0.00, real=0.01 secs] 
7.170: [GC (Allocation Failure) [PSYoungGen: 1303K->155K(1536K)] 5093K->4031K(5632K), 0.0430243 secs] [Times: user=0.02 sys=0.00, real=0.04 secs] 
7.223: [GC (Allocation Failure) [PSYoungGen: 1119K->282K(1536K)] 4995K->4244K(5632K), 0.0351014 secs] [Times: user=0.00 sys=0.00, real=0.04 secs] 
7.277: [GC (Allocation Failure) [PSYoungGen: 1306K->96K(1536K)] 5268K->4087K(5632K), 0.1359332 secs] [Times: user=0.00 sys=0.02, real=0.14 secs] 
7.413: [Full GC (Ergonomics) [PSYoungGen: 96K->0K(1536K)] [ParOldGen: 3991K->3645K(4096K)] 4087K->3645K(5632K), [Metaspace: 12704K->12682K(1060864K)], 0.0910002 secs] [Times: user=0.05 sys=0.00, real=0.09 secs] 
7.528: [GC (Allocation Failure) [PSYoungGen: 1024K->193K(1536K)] 4669K->3838K(5632K), 0.0097655 secs] [Times: user=0.00 sys=0.00, real=0.01 secs] 
7.549: [GC (Allocation Failure) [PSYoungGen: 1212K->128K(1536K)] 4858K->3805K(5632K), 0.0190982 secs] [Times: user=0.00 sys=0.02, real=0.02 secs] 
7.588: [GC (Allocation Failure) [PSYoungGen: 1152K->160K(1536K)] 4829K->3868K(5632K), 0.0063518 secs] [Times: user=0.03 sys=0.00, real=0.01 secs] 
7.611: [GC (Allocation Failure) [PSYoungGen: 1184K->275K(1536K)] 4892K->4039K(5632K), 0.0291349 secs] [Times: user=0.00 sys=0.00, real=0.03 secs] 
7.652: [GC (Allocation Failure) [PSYoungGen: 1299K->96K(1536K)] 5063K->3916K(5632K), 0.0262360 secs] [Times: user=0.00 sys=0.00, real=0.03 secs] 
7.704: [GC (Allocation Failure) [PSYoungGen: 1120K->160K(1536K)] 4940K->4012K(5632K), 0.0356881 secs] [Times: user=0.00 sys=0.00, real=0.04 secs] 
7.759: [GC (Allocation Failure) [PSYoungGen: 1184K->192K(1536K)] 5036K->4108K(5632K), 0.0200338 secs] [Times: user=0.00 sys=0.00, real=0.02 secs] 
7.791: [GC (Allocation Failure) [PSYoungGen: 1216K->192K(1536K)] 5132K->4164K(5632K), 0.0136559 secs] [Times: user=0.00 sys=0.00, real=0.01 secs] 
7.841: [GC (Allocation Failure) [PSYoungGen: 1216K->160K(1536K)] 5188K->4193K(5632K), 0.0040092 secs] [Times: user=0.00 sys=0.00, real=0.00 secs] 
7.846: [Full GC (Ergonomics) [PSYoungGen: 160K->0K(1536K)] [ParOldGen: 4033K->3719K(4096K)] 4193K->3719K(5632K), [Metaspace: 13406K->13406K(1060864K)], 0.0390689 secs] [Times: user=0.09 sys=0.01, real=0.04 secs] 
7.896: [GC (Allocation Failure) [PSYoungGen: 1024K->208K(1536K)] 4743K->3928K(5632K), 0.0044542 secs] [Times: user=0.00 sys=0.00, real=0.01 secs] 
7.915: [GC (Allocation Failure) [PSYoungGen: 1232K->192K(1536K)] 4952K->3959K(5632K), 0.0032740 secs] [Times: user=0.00 sys=0.00, real=0.00 secs] 
7.932: [GC (Allocation Failure) [PSYoungGen: 1216K->128K(1536K)] 4983K->3919K(5632K), 0.0160415 secs] [Times: user=0.00 sys=0.00, real=0.02 secs] 
7.972: [GC (Allocation Failure) [PSYoungGen: 1152K->219K(1536K)] 4943K->4051K(5632K), 0.0024518 secs] [Times: user=0.00 sys=0.00, real=0.00 secs] 
8.002: [GC (Allocation Failure) [PSYoungGen: 1243K->160K(1536K)] 5075K->4063K(5632K), 0.0012508 secs] [Times: user=0.00 sys=0.00, real=0.00 secs] 
8.031: [GC (Allocation Failure) [PSYoungGen: 1183K->160K(1536K)] 5087K->4103K(5632K), 0.0078702 secs] [Times: user=0.05 sys=0.00, real=0.01 secs] 
8.066: [GC (Allocation Failure) [PSYoungGen: 1172K->160K(1536K)] 5115K->4143K(5632K), 0.0013471 secs] [Times: user=0.00 sys=0.00, real=0.00 secs] 
8.092: [GC (Allocation Failure) [PSYoungGen: 1184K->205K(1536K)] 5167K->4237K(5632K), 0.0016861 secs] [Times: user=0.01 sys=0.00, real=0.00 secs] 
8.094: [Full GC (Ergonomics) [PSYoungGen: 205K->0K(1536K)] [ParOldGen: 4031K->3928K(4096K)] 4237K->3928K(5632K), [Metaspace: 14097K->14097K(1062912K)], 0.0237455 secs] [Times: user=0.02 sys=0.00, real=0.02 secs] 
8.136: [GC (Allocation Failure) [PSYoungGen: 1024K->96K(1536K)] 4952K->4024K(5632K), 0.0038607 secs] [Times: user=0.00 sys=0.00, real=0.00 secs] 
8.160: [GC (Allocation Failure) [PSYoungGen: 1120K->160K(1536K)] 5048K->4128K(5632K), 0.0014200 secs] [Times: user=0.00 sys=0.00, real=0.00 secs] 
8.179: [GC (Allocation Failure) [PSYoungGen: 1184K->160K(1536K)] 5152K->4160K(5632K), 0.0050823 secs] [Times: user=0.00 sys=0.00, real=0.01 secs] 
8.197: [GC (Allocation Failure) [PSYoungGen: 1184K->96K(1536K)] 5184K->4136K(5632K), 0.0071048 secs] [Times: user=0.00 sys=0.01, real=0.01 secs] 
8.204: [Full GC (Ergonomics) [PSYoungGen: 96K->0K(1536K)] [ParOldGen: 4040K->3958K(4096K)] 4136K->3958K(5632K), [Metaspace: 14221K->14221K(1062912K)], 0.0559088 secs] [Times: user=0.02 sys=0.03, real=0.06 secs] 
8.290: [GC (Allocation Failure) [PSYoungGen: 1024K->128K(1536K)] 4982K->4086K(5632K), 0.0272718 secs] [Times: user=0.00 sys=0.00, real=0.03 secs] 
8.328: [GC (Allocation Failure) [PSYoungGen: 1152K->224K(1536K)] 5110K->4246K(5632K), 0.0103478 secs] [Times: user=0.00 sys=0.00, real=0.01 secs] 
8.356: [GC (Allocation Failure) [PSYoungGen: 1248K->128K(1536K)] 5270K->4174K(5632K), 0.0169384 secs] [Times: user=0.00 sys=0.00, real=0.02 secs] 
8.373: [Full GC (Ergonomics) [PSYoungGen: 128K->0K(1536K)] [ParOldGen: 4046K->3996K(4096K)] 4174K->3996K(5632K), [Metaspace: 14368K->14368K(1062912K)], 0.0707941 secs] [Times: user=0.06 sys=0.00, real=0.07 secs] 
8.462: [GC (Allocation Failure) [PSYoungGen: 1023K->128K(1536K)] 5020K->4124K(5632K), 0.0071106 secs] [Times: user=0.02 sys=0.00, real=0.01 secs] 
8.487: [GC (Allocation Failure) [PSYoungGen: 1152K->96K(1536K)] 5148K->4124K(5632K), 0.0134075 secs] [Times: user=0.00 sys=0.02, real=0.01 secs] 
8.526: [GC (Allocation Failure) [PSYoungGen: 1119K->160K(1536K)] 5148K->4244K(5632K), 0.0047033 secs] [Times: user=0.02 sys=0.00, real=0.00 secs] 
8.531: [Full GC (Ergonomics) [PSYoungGen: 160K->0K(1536K)] [ParOldGen: 4084K->4058K(4096K)] 4244K->4058K(5632K), [Metaspace: 14441K->14441K(1062912K)], 0.0649812 secs] [Times: user=0.03 sys=0.00, real=0.07 secs] 
8.611: [Full GC (Ergonomics) [PSYoungGen: 1024K->0K(1536K)] [ParOldGen: 4058K->4064K(4096K)] 5082K->4064K(5632K), [Metaspace: 14466K->14466K(1062912K)], 0.0422237 secs] [Times: user=0.02 sys=0.00, real=0.04 secs] 
8.666: [Full GC (Ergonomics) [PSYoungGen: 1024K->0K(1536K)] [ParOldGen: 4064K->4088K(4096K)] 5088K->4088K(5632K), [Metaspace: 14487K->14487K(1062912K)], 0.0326874 secs] [Times: user=0.08 sys=0.00, real=0.03 secs] 
8.712: [Full GC (Ergonomics) [PSYoungGen: 1024K->22K(1536K)] [ParOldGen: 4088K->4074K(4096K)] 5112K->4097K(5632K), [Metaspace: 14511K->14511K(1062912K)], 0.0989163 secs] [Times: user=0.05 sys=0.05, real=0.10 secs] 
8.834: [Full GC (Ergonomics) [PSYoungGen: 1024K->0K(1536K)] [ParOldGen: 4074K->3954K(4096K)] 5098K->3954K(5632K), [Metaspace: 14532K->14530K(1062912K)], 0.1177499 secs] [Times: user=0.05 sys=0.02, real=0.12 secs] 
8.973: [GC (Allocation Failure) [PSYoungGen: 1024K->96K(1536K)] 4978K->4050K(5632K), 0.0318440 secs] [Times: user=0.00 sys=0.00, real=0.03 secs] 
9.029: [GC (Allocation Failure) [PSYoungGen: 1120K->192K(1536K)] 5074K->4146K(5632K), 0.0663450 secs] [Times: user=0.00 sys=0.00, real=0.07 secs] 
9.125: [GC (Allocation Failure) [PSYoungGen: 1216K->160K(1536K)] 5170K->4114K(5632K), 0.0462833 secs] [Times: user=0.03 sys=0.00, real=0.05 secs] 
9.196: [GC (Allocation Failure) [PSYoungGen: 1184K->192K(1536K)] 5138K->4146K(5632K), 0.0256999 secs] [Times: user=0.00 sys=0.00, real=0.03 secs] 
9.247: [GC (Allocation Failure) [PSYoungGen: 1216K->256K(1536K)] 5170K->4210K(5632K), 0.0207610 secs] [Times: user=0.00 sys=0.00, real=0.02 secs] 
9.299: [GC (Allocation Failure) [PSYoungGen: 1280K->192K(1536K)] 5234K->4146K(5632K), 0.0077921 secs] [Times: user=0.00 sys=0.00, real=0.01 secs] 
9.336: [GC (Allocation Failure) [PSYoungGen: 1216K->224K(1536K)] 5170K->4178K(5632K), 0.0198911 secs] [Times: user=0.00 sys=0.00, real=0.02 secs] 
9.373: [GC (Allocation Failure) [PSYoungGen: 1248K->288K(1536K)] 5202K->4242K(5632K), 0.0540155 secs] [Times: user=0.00 sys=0.02, real=0.05 secs] 
9.448: [GC (Allocation Failure) [PSYoungGen: 1312K->288K(1536K)] 5266K->4242K(5632K), 0.0452375 secs] [Times: user=0.00 sys=0.00, real=0.04 secs] 
9.515: [GC (Allocation Failure) [PSYoungGen: 1312K->384K(1536K)] 5266K->4338K(5632K), 0.0309051 secs] [Times: user=0.01 sys=0.00, real=0.03 secs] 
9.571: [GC (Allocation Failure) [PSYoungGen: 1407K->327K(1536K)] 5361K->4281K(5632K), 0.0344190 secs] [Times: user=0.00 sys=0.00, real=0.03 secs] 
9.624: [GC (Allocation Failure) [PSYoungGen: 1351K->351K(1536K)] 5305K->4306K(5632K), 0.0204478 secs] [Times: user=0.00 sys=0.00, real=0.02 secs] 
9.674: [GC (Allocation Failure) [PSYoungGen: 1375K->320K(1536K)] 5330K->4274K(5632K), 0.0133820 secs] [Times: user=0.00 sys=0.00, real=0.01 secs] 
9.711: [GC (Allocation Failure) [PSYoungGen: 1344K->495K(1536K)] 5298K->4449K(5632K), 0.0037138 secs] [Times: user=0.00 sys=0.00, real=0.00 secs] 
9.731: [GC (Allocation Failure) [PSYoungGen: 1519K->439K(1536K)] 5473K->4458K(5632K), 0.0503256 secs] [Times: user=0.00 sys=0.00, real=0.05 secs] 
9.795: [GC (Allocation Failure) [PSYoungGen: 1463K->404K(1536K)] 5482K->4471K(5632K), 0.0030511 secs] [Times: user=0.00 sys=0.00, real=0.00 secs] 
9.798: [Full GC (Ergonomics) [PSYoungGen: 404K->338K(1536K)] [ParOldGen: 4066K->3970K(4096K)] 4471K->4309K(5632K), [Metaspace: 15665K->15665K(1062912K)], 0.0674421 secs] [Times: user=0.06 sys=0.00, real=0.07 secs] 
9.869: [GC (Allocation Failure) [PSYoungGen: 1362K->402K(1536K)] 5333K->4421K(5632K), 0.0036400 secs] [Times: user=0.00 sys=0.00, real=0.00 secs] 
9.881: [GC (Allocation Failure) [PSYoungGen: 1426K->480K(1536K)] 5445K->4546K(5632K), 0.0109976 secs] [Times: user=0.00 sys=0.02, real=0.01 secs] 
9.892: [Full GC (Ergonomics) [PSYoungGen: 480K->290K(1536K)] [ParOldGen: 4066K->3928K(4096K)] 4546K->4219K(5632K), [Metaspace: 15805K->15802K(1062912K)], 0.1010951 secs] [Times: user=0.09 sys=0.01, real=0.10 secs] 
10.012: [GC (Allocation Failure) [PSYoungGen: 1314K->437K(1536K)] 5243K->4389K(5632K), 0.0305195 secs] [Times: user=0.01 sys=0.02, real=0.03 secs] 
10.060: [GC (Allocation Failure) [PSYoungGen: 1461K->383K(1536K)] 5413K->4368K(5632K), 0.0097160 secs] [Times: user=0.00 sys=0.00, real=0.01 secs] 
10.194: [GC (Allocation Failure) [PSYoungGen: 1407K->288K(1536K)] 5392K->4336K(5632K), 0.0067134 secs] [Times: user=0.00 sys=0.00, real=0.01 secs] 
10.201: [Full GC (Ergonomics) [PSYoungGen: 288K->220K(1536K)] [ParOldGen: 4048K->4018K(4096K)] 4336K->4239K(5632K), [Metaspace: 16216K->16216K(1064960K)], 0.0610390 secs] [Times: user=0.13 sys=0.00, real=0.06 secs] 
10.279: [Full GC (Ergonomics) [PSYoungGen: 1244K->209K(1536K)] [ParOldGen: 4018K->4074K(4096K)] 5263K->4283K(5632K), [Metaspace: 16388K->16388K(1064960K)], 0.0791709 secs] [Times: user=0.17 sys=0.02, real=0.08 secs] 
10.367: [Full GC (Ergonomics) [PSYoungGen: 1016K->335K(1536K)] [ParOldGen: 4074K->4021K(4096K)] 5090K->4357K(5632K), [Metaspace: 16448K->16448K(1064960K)], 0.0748598 secs] [Times: user=0.05 sys=0.03, real=0.08 secs] 
10.454: [Full GC (Ergonomics) [PSYoungGen: 1024K->291K(1536K)] [ParOldGen: 4021K->4018K(4096K)] 5045K->4310K(5632K), [Metaspace: 16538K->16538K(1064960K)], 0.0372691 secs] [Times: user=0.05 sys=0.00, real=0.04 secs] 
10.502: [Full GC (Ergonomics) [PSYoungGen: 1007K->256K(1536K)] [ParOldGen: 4018K->4014K(4096K)] 5026K->4271K(5632K), [Metaspace: 16581K->16581K(1064960K)], 0.0434202 secs] [Times: user=0.05 sys=0.00, real=0.04 secs] 
10.556: [Full GC (Ergonomics) [PSYoungGen: 1017K->377K(1536K)] [ParOldGen: 4014K->4014K(4096K)] 5032K->4392K(5632K), [Metaspace: 16646K->16646K(1064960K)], 0.0462171 secs] [Times: user=0.08 sys=0.00, real=0.05 secs] 
10.613: [Full GC (Ergonomics) [PSYoungGen: 1018K->385K(1536K)] [ParOldGen: 4014K->4008K(4096K)] 5033K->4393K(5632K), [Metaspace: 16734K->16734K(1064960K)], 0.0500206 secs] [Times: user=0.03 sys=0.02, real=0.05 secs] 
10.675: [GC (Allocation Failure) [PSYoungGen: 1020K->416K(1536K)] 5028K->4488K(5632K), 0.0100636 secs] [Times: user=0.00 sys=0.00, real=0.01 secs] 
10.685: [Full GC (Ergonomics) [PSYoungGen: 416K->331K(1536K)] [ParOldGen: 4072K->4057K(4096K)] 4488K->4388K(5632K), [Metaspace: 16795K->16795K(1064960K)], 0.0387733 secs] [Times: user=0.09 sys=0.00, real=0.04 secs] 
10.740: [Full GC (Ergonomics) [PSYoungGen: 1351K->329K(1536K)] [ParOldGen: 4057K->4079K(4096K)] 5408K->4409K(5632K), [Metaspace: 16862K->16862K(1064960K)], 0.0727112 secs] [Times: user=0.03 sys=0.00, real=0.07 secs] 
10.826: [Full GC (Ergonomics) [PSYoungGen: 1024K->318K(1536K)] [ParOldGen: 4079K->4037K(4096K)] 5103K->4355K(5632K), [Metaspace: 16896K->16892K(1064960K)], 0.0790964 secs] [Times: user=0.05 sys=0.00, real=0.08 secs] 
10.917: [Full GC (Ergonomics) [PSYoungGen: 1024K->315K(1536K)] [ParOldGen: 4037K->4035K(4096K)] 5061K->4350K(5632K), [Metaspace: 16926K->16926K(1064960K)], 0.3124690 secs] [Times: user=0.03 sys=0.03, real=0.31 secs] 
11.262: [Full GC (Ergonomics) [PSYoungGen: 1024K->327K(1536K)] [ParOldGen: 4035K->4035K(4096K)] 5059K->4362K(5632K), [Metaspace: 16974K->16974K(1064960K)], 0.1566355 secs] [Times: user=0.08 sys=0.02, real=0.16 secs] 
11.434: [Full GC (Ergonomics) [PSYoungGen: 1024K->325K(1536K)] [ParOldGen: 4035K->4032K(4096K)] 5059K->4357K(5632K), [Metaspace: 17023K->17012K(1064960K)], 0.0903898 secs] [Times: user=0.09 sys=0.00, real=0.09 secs] 
11.541: [Full GC (Ergonomics) [PSYoungGen: 1021K->324K(1536K)] [ParOldGen: 4032K->4030K(4096K)] 5054K->4355K(5632K), [Metaspace: 17076K->17069K(1064960K)], 0.0651823 secs] [Times: user=0.03 sys=0.00, real=0.07 secs] 
11.628: [Full GC (Ergonomics) [PSYoungGen: 1024K->248K(1536K)] [ParOldGen: 4030K->4030K(4096K)] 5054K->4278K(5632K), [Metaspace: 17095K->17072K(1064960K)], 0.0995925 secs] [Times: user=0.02 sys=0.00, real=0.10 secs] 
11.744: [Full GC (Ergonomics) [PSYoungGen: 1024K->244K(1536K)] [ParOldGen: 4030K->4027K(4096K)] 5054K->4272K(5632K), [Metaspace: 17129K->17107K(1064960K)], 0.0934393 secs] [Times: user=0.13 sys=0.00, real=0.09 secs] 
11.852: [Full GC (Ergonomics) [PSYoungGen: 1010K->319K(1536K)] [ParOldGen: 4027K->4011K(4096K)] 5037K->4330K(5632K), [Metaspace: 17164K->17164K(1064960K)], 0.0610744 secs] [Times: user=0.09 sys=0.00, real=0.06 secs] 
11.923: [Full GC (Ergonomics) [PSYoungGen: 1024K->297K(1536K)] [ParOldGen: 4011K->4011K(4096K)] 5035K->4308K(5632K), [Metaspace: 17200K->17200K(1064960K)], 0.0367079 secs] [Times: user=0.02 sys=0.00, real=0.04 secs] 
11.973: [Full GC (Ergonomics) [PSYoungGen: 1021K->386K(1536K)] [ParOldGen: 4011K->4011K(4096K)] 5032K->4397K(5632K), [Metaspace: 17251K->17251K(1064960K)], 0.0693044 secs] [Times: user=0.03 sys=0.00, real=0.07 secs] 
12.051: [Full GC (Ergonomics) [PSYoungGen: 1024K->305K(1536K)] [ParOldGen: 4011K->4004K(4096K)] 5035K->4310K(5632K), [Metaspace: 17335K->17323K(1064960K)], 0.0420196 secs] [Times: user=0.05 sys=0.00, real=0.04 secs] 
12.104: [GC (Allocation Failure) [PSYoungGen: 1024K->352K(1536K)] 5028K->4419K(5632K), 0.0207956 secs] [Times: user=0.01 sys=0.00, real=0.02 secs] 
12.125: [Full GC (Ergonomics) [PSYoungGen: 352K->252K(1536K)] [ParOldGen: 4067K->4043K(4096K)] 4419K->4295K(5632K), [Metaspace: 17387K->17387K(1064960K)], 0.0315783 secs] [Times: user=0.02 sys=0.00, real=0.03 secs] 
12.169: [Full GC (Ergonomics) [PSYoungGen: 1276K->339K(1536K)] [ParOldGen: 4043K->4043K(4096K)] 5319K->4382K(5632K), [Metaspace: 17462K->17462K(1064960K)], 0.0439290 secs] [Times: user=0.09 sys=0.00, real=0.04 secs] 
12.226: [Full GC (Ergonomics) [PSYoungGen: 1024K->279K(1536K)] [ParOldGen: 4043K->4026K(4096K)] 5067K->4306K(5632K), [Metaspace: 17484K->17484K(1064960K)], 0.0688515 secs] [Times: user=0.05 sys=0.00, real=0.07 secs] 
12.306: [Full GC (Ergonomics) [PSYoungGen: 1024K->294K(1536K)] [ParOldGen: 4026K->4021K(4096K)] 5050K->4316K(5632K), [Metaspace: 17510K->17510K(1064960K)], 0.0382561 secs] [Times: user=0.02 sys=0.00, real=0.04 secs] 
12.357: [Full GC (Ergonomics) [PSYoungGen: 1024K->301K(1536K)] [ParOldGen: 4021K->4021K(4096K)] 5045K->4323K(5632K), [Metaspace: 17539K->17539K(1064960K)], 0.0522773 secs] [Times: user=0.02 sys=0.00, real=0.05 secs] 
12.419: [Full GC (Ergonomics) [PSYoungGen: 1024K->318K(1536K)] [ParOldGen: 4021K->4021K(4096K)] 5045K->4340K(5632K), [Metaspace: 17599K->17599K(1064960K)], 0.0389440 secs] [Times: user=0.08 sys=0.00, real=0.04 secs] 
12.469: [Full GC (Ergonomics) [PSYoungGen: 1022K->380K(1536K)] [ParOldGen: 4021K->4021K(4096K)] 5044K->4402K(5632K), [Metaspace: 17620K->17620K(1064960K)], 0.0599371 secs] [Times: user=0.02 sys=0.00, real=0.06 secs] 
12.542: [Full GC (Ergonomics) [PSYoungGen: 1024K->407K(1536K)] [ParOldGen: 4021K->4020K(4096K)] 5045K->4427K(5632K), [Metaspace: 17669K->17669K(1064960K)], 0.0655124 secs] [Times: user=0.03 sys=0.02, real=0.07 secs] 
12.619: [Full GC (Ergonomics) [PSYoungGen: 1024K->383K(1536K)] [ParOldGen: 4020K->4019K(4096K)] 5044K->4403K(5632K), [Metaspace: 17732K->17732K(1064960K)], 0.0884592 secs] [Times: user=0.08 sys=0.02, real=0.09 secs] 
12.723: [Full GC (Ergonomics) [PSYoungGen: 1024K->356K(1536K)] [ParOldGen: 4019K->4019K(4096K)] 5043K->4375K(5632K), [Metaspace: 17786K->17786K(1064960K)], 0.1130330 secs] [Times: user=0.01 sys=0.02, real=0.11 secs] 
12.850: [Full GC (Ergonomics) [PSYoungGen: 1024K->390K(1536K)] [ParOldGen: 4019K->4018K(4096K)] 5043K->4408K(5632K), [Metaspace: 17845K->17845K(1064960K)], 0.0498947 secs] [Times: user=0.03 sys=0.00, real=0.05 secs] 
12.916: [Full GC (Ergonomics) [PSYoungGen: 1024K->396K(1536K)] [ParOldGen: 4018K->4018K(4096K)] 5042K->4415K(5632K), [Metaspace: 17903K->17903K(1064960K)], 0.0475957 secs] [Times: user=0.02 sys=0.00, real=0.05 secs] 
12.976: [Full GC (Ergonomics) [PSYoungGen: 1024K->394K(1536K)] [ParOldGen: 4018K->4018K(4096K)] 5042K->4413K(5632K), [Metaspace: 17952K->17952K(1064960K)], 0.0473312 secs] [Times: user=0.03 sys=0.00, real=0.05 secs] 
13.039: [Full GC (Ergonomics) [PSYoungGen: 1024K->385K(1536K)] [ParOldGen: 4018K->4018K(4096K)] 5042K->4403K(5632K), [Metaspace: 17978K->17978K(1064960K)], 0.0410588 secs] [Times: user=0.03 sys=0.00, real=0.04 secs] 
13.092: [Full GC (Ergonomics) [PSYoungGen: 1024K->389K(1536K)] [ParOldGen: 4018K->4018K(4096K)] 5042K->4407K(5632K), [Metaspace: 18009K->18009K(1064960K)], 0.0303641 secs] [Times: user=0.03 sys=0.00, real=0.03 secs] 
13.135: [Full GC (Ergonomics) [PSYoungGen: 1024K->398K(1536K)] [ParOldGen: 4018K->4018K(4096K)] 5042K->4416K(5632K), [Metaspace: 18034K->18034K(1064960K)], 0.0365111 secs] [Times: user=0.02 sys=0.00, real=0.04 secs] 
14.625: [Full GC (Ergonomics) [PSYoungGen: 995K->417K(1536K)] [ParOldGen: 4018K->4016K(4096K)] 5013K->4434K(5632K), [Metaspace: 18062K->18062K(1064960K)], 0.0437614 secs] [Times: user=0.06 sys=0.00, real=0.04 secs] 
14.681: [Full GC (Ergonomics) [PSYoungGen: 1024K->440K(1536K)] [ParOldGen: 4016K->3986K(4096K)] 5040K->4426K(5632K), [Metaspace: 18099K->18099K(1064960K)], 0.0637594 secs] [Times: user=0.05 sys=0.02, real=0.06 secs] 
14.757: [GC (Allocation Failure) [PSYoungGen: 1024K->464K(1536K)] 5010K->4482K(5632K), 0.0104416 secs] [Times: user=0.00 sys=0.00, real=0.01 secs] 
14.768: [Full GC (Ergonomics) [PSYoungGen: 464K->420K(1536K)] [ParOldGen: 4018K->4003K(4096K)] 4482K->4424K(5632K), [Metaspace: 18099K->18099K(1064960K)], 0.0539415 secs] [Times: user=0.05 sys=0.02, real=0.05 secs] 
14.853: [GC (Allocation Failure) --[PSYoungGen: 1444K->1444K(1536K)] 5448K->5536K(5632K), 0.0077940 secs] [Times: user=0.01 sys=0.00, real=0.01 secs] 
14.861: [Full GC (Ergonomics) [PSYoungGen: 1444K->0K(1536K)] [ParOldGen: 4091K->4094K(4096K)] 5536K->4094K(5632K), [Metaspace: 18143K->18143K(1064960K)], 0.0590801 secs] [Times: user=0.06 sys=0.00, real=0.06 secs] 
14.948: [Full GC (Ergonomics) [PSYoungGen: 1024K->445K(1536K)] [ParOldGen: 4094K->4091K(4096K)] 5118K->4536K(5632K), [Metaspace: 18191K->18191K(1064960K)], 0.0792478 secs] [Times: user=0.03 sys=0.00, real=0.08 secs] 
15.041: [Full GC (Ergonomics) [PSYoungGen: 1019K->480K(1536K)] [ParOldGen: 4091K->4091K(4096K)] 5111K->4572K(5632K), [Metaspace: 18229K->18229K(1064960K)], 0.0475897 secs] [Times: user=0.06 sys=0.00, real=0.05 secs] 
15.104: [Full GC (Ergonomics) [PSYoungGen: 1024K->504K(1536K)] [ParOldGen: 4091K->4091K(4096K)] 5115K->4595K(5632K), [Metaspace: 18296K->18296K(1064960K)], 0.0404021 secs] [Times: user=0.08 sys=0.01, real=0.04 secs] 
15.160: [Full GC (Ergonomics) [PSYoungGen: 1024K->480K(1536K)] [ParOldGen: 4091K->4091K(4096K)] 5115K->4572K(5632K), [Metaspace: 18334K->18334K(1064960K)], 0.0561956 secs] [Times: user=0.03 sys=0.00, real=0.06 secs] 
15.228: [Full GC (Ergonomics) [PSYoungGen: 1019K->502K(1536K)] [ParOldGen: 4091K->4091K(4096K)] 5110K->4593K(5632K), [Metaspace: 18370K->18370K(1067008K)], 0.0241504 secs] [Times: user=0.03 sys=0.02, real=0.02 secs] 
15.267: [Full GC (Ergonomics) [PSYoungGen: 1024K->515K(1536K)] [ParOldGen: 4091K->4091K(4096K)] 5115K->4606K(5632K), [Metaspace: 18427K->18427K(1067008K)], 0.0368680 secs] [Times: user=0.02 sys=0.03, real=0.04 secs] 
15.318: [Full GC (Ergonomics) [PSYoungGen: 1024K->498K(1536K)] [ParOldGen: 4091K->4091K(4096K)] 5115K->4589K(5632K), [Metaspace: 18454K->18454K(1067008K)], 0.0437383 secs] [Times: user=0.02 sys=0.00, real=0.04 secs] 
15.377: [Full GC (Ergonomics) [PSYoungGen: 1022K->516K(1536K)] [ParOldGen: 4091K->4091K(4096K)] 5114K->4607K(5632K), [Metaspace: 18491K->18491K(1067008K)], 0.0358257 secs] [Times: user=0.06 sys=0.01, real=0.04 secs] 
15.433: [Full GC (Ergonomics) [PSYoungGen: 1021K->591K(1536K)] [ParOldGen: 4091K->4091K(4096K)] 5113K->4683K(5632K), [Metaspace: 18556K->18556K(1067008K)], 0.0374946 secs] [Times: user=0.01 sys=0.00, real=0.04 secs] 
15.481: [Full GC (Ergonomics) [PSYoungGen: 1024K->564K(1536K)] [ParOldGen: 4091K->4091K(4096K)] 5115K->4655K(5632K), [Metaspace: 18618K->18618K(1067008K)], 0.0411121 secs] [Times: user=0.03 sys=0.00, real=0.04 secs] 
15.557: [Full GC (Ergonomics) [PSYoungGen: 1024K->580K(1536K)] [ParOldGen: 4091K->4079K(4096K)] 5115K->4659K(5632K), [Metaspace: 18656K->18656K(1067008K)], 0.0274290 secs] [Times: user=0.06 sys=0.00, real=0.03 secs] 
15.598: [Full GC (Ergonomics) [PSYoungGen: 1022K->595K(1536K)] [ParOldGen: 4079K->4079K(4096K)] 5102K->4674K(5632K), [Metaspace: 18679K->18679K(1067008K)], 0.0317588 secs] [Times: user=0.01 sys=0.00, real=0.03 secs] 
15.643: [Full GC (Ergonomics) [PSYoungGen: 1024K->601K(1536K)] [ParOldGen: 4079K->4079K(4096K)] 5103K->4680K(5632K), [Metaspace: 18718K->18718K(1067008K)], 0.0436972 secs] [Times: user=0.02 sys=0.00, real=0.04 secs] 
15.707: [Full GC (Ergonomics) [PSYoungGen: 1024K->596K(1536K)] [ParOldGen: 4079K->4079K(4096K)] 5103K->4675K(5632K), [Metaspace: 18783K->18783K(1067008K)], 0.0368222 secs] [Times: user=0.03 sys=0.00, real=0.04 secs] 
15.761: [Full GC (Ergonomics) [PSYoungGen: 1024K->574K(1536K)] [ParOldGen: 4079K->4079K(4096K)] 5103K->4653K(5632K), [Metaspace: 18823K->18823K(1067008K)], 0.0556374 secs] [Times: user=0.08 sys=0.00, real=0.06 secs] 
15.826: [Full GC (Ergonomics) [PSYoungGen: 1024K->593K(1536K)] [ParOldGen: 4079K->4079K(4096K)] 5103K->4672K(5632K), [Metaspace: 18850K->18850K(1067008K)], 0.0443614 secs] [Times: user=0.05 sys=0.00, real=0.04 secs] 
15.890: [Full GC (Ergonomics) [PSYoungGen: 1024K->456K(1536K)] [ParOldGen: 4079K->4079K(4096K)] 5103K->4536K(5632K), [Metaspace: 18905K->18905K(1067008K)], 0.0620702 secs] [Times: user=0.05 sys=0.00, real=0.06 secs] 
15.969: [Full GC (Ergonomics) [PSYoungGen: 1009K->486K(1536K)] [ParOldGen: 4079K->4079K(4096K)] 5088K->4565K(5632K), [Metaspace: 18945K->18945K(1067008K)], 0.0428967 secs] [Times: user=0.08 sys=0.00, real=0.04 secs] 
16.026: [Full GC (Ergonomics) [PSYoungGen: 1024K->499K(1536K)] [ParOldGen: 4079K->4079K(4096K)] 5103K->4578K(5632K), [Metaspace: 18994K->18994K(1067008K)], 0.0611099 secs] [Times: user=0.05 sys=0.00, real=0.06 secs] 
16.113: [Full GC (Ergonomics) [PSYoungGen: 1024K->500K(1536K)] [ParOldGen: 4079K->4072K(4096K)] 5103K->4573K(5632K), [Metaspace: 19033K->19033K(1067008K)], 0.0702604 secs] [Times: user=0.06 sys=0.00, real=0.07 secs] 
16.202: [Full GC (Ergonomics) [PSYoungGen: 1024K->528K(1536K)] [ParOldGen: 4072K->4072K(4096K)] 5096K->4601K(5632K), [Metaspace: 19048K->19048K(1067008K)], 0.0711441 secs] [Times: user=0.05 sys=0.02, real=0.07 secs] 
16.280: [Full GC (Ergonomics) [PSYoungGen: 1024K->530K(1536K)] [ParOldGen: 4072K->4072K(4096K)] 5096K->4602K(5632K), [Metaspace: 19048K->19048K(1067008K)], 0.0463866 secs] [Times: user=0.03 sys=0.00, real=0.05 secs] 
16.337: [Full GC (Ergonomics) [PSYoungGen: 1024K->553K(1536K)] [ParOldGen: 4072K->4070K(4096K)] 5096K->4623K(5632K), [Metaspace: 19063K->19063K(1067008K)], 0.0891760 secs] [Times: user=0.03 sys=0.00, real=0.09 secs] 
16.437: [Full GC (Ergonomics) [PSYoungGen: 1024K->550K(1536K)] [ParOldGen: 4070K->4070K(4096K)] 5094K->4621K(5632K), [Metaspace: 19063K->19063K(1067008K)], 0.0742172 secs] [Times: user=0.01 sys=0.00, real=0.08 secs] 
16.529: [Full GC (Ergonomics) [PSYoungGen: 1024K->556K(1536K)] [ParOldGen: 4070K->4070K(4096K)] 5094K->4626K(5632K), [Metaspace: 19068K->19068K(1067008K)], 0.0645940 secs] [Times: user=0.09 sys=0.02, real=0.06 secs] 
16.610: [Full GC (Ergonomics) [PSYoungGen: 1024K->558K(1536K)] [ParOldGen: 4070K->4070K(4096K)] 5094K->4629K(5632K), [Metaspace: 19088K->19088K(1067008K)], 0.0836260 secs] [Times: user=0.02 sys=0.00, real=0.08 secs] 
16.799: [Full GC (Ergonomics) [PSYoungGen: 1024K->599K(1536K)] [ParOldGen: 4070K->4069K(4096K)] 5094K->4668K(5632K), [Metaspace: 19106K->19106K(1067008K)], 0.0740882 secs] [Times: user=0.05 sys=0.00, real=0.07 secs] 
16.895: [Full GC (Ergonomics) [PSYoungGen: 1024K->641K(1536K)] [ParOldGen: 4069K->4068K(4096K)] 5093K->4709K(5632K), [Metaspace: 19173K->19170K(1067008K)], 0.1579240 secs] [Times: user=0.02 sys=0.00, real=0.16 secs] 
17.074: [Full GC (Ergonomics) [PSYoungGen: 1024K->683K(1536K)] [ParOldGen: 4068K->4065K(4096K)] 5092K->4749K(5632K), [Metaspace: 19211K->19211K(1067008K)], 0.0610909 secs] [Times: user=0.03 sys=0.00, real=0.06 secs] 
17.152: [Full GC (Ergonomics) [PSYoungGen: 1024K->692K(1536K)] [ParOldGen: 4065K->4064K(4096K)] 5089K->4756K(5632K), [Metaspace: 19229K->19229K(1067008K)], 0.0669860 secs] [Times: user=0.06 sys=0.00, real=0.07 secs] 
17.227: [Full GC (Ergonomics) [PSYoungGen: 1022K->699K(1536K)] [ParOldGen: 4064K->4064K(4096K)] 5087K->4763K(5632K), [Metaspace: 19230K->19230K(1067008K)], 0.0481985 secs] [Times: user=0.05 sys=0.00, real=0.05 secs] 
17.284: [Full GC (Ergonomics) [PSYoungGen: 1021K->730K(1536K)] [ParOldGen: 4064K->4062K(4096K)] 5085K->4792K(5632K), [Metaspace: 19233K->19233K(1067008K)], 0.1052284 secs] [Times: user=0.03 sys=0.00, real=0.11 secs] 
17.400: [Full GC (Ergonomics) [PSYoungGen: 1024K->758K(1536K)] [ParOldGen: 4062K->4062K(4096K)] 5086K->4820K(5632K), [Metaspace: 19249K->19249K(1067008K)], 0.1408686 secs] [Times: user=0.11 sys=0.00, real=0.14 secs] 
17.557: [Full GC (Ergonomics) [PSYoungGen: 1024K->755K(1536K)] [ParOldGen: 4062K->4061K(4096K)] 5086K->4817K(5632K), [Metaspace: 19281K->19281K(1067008K)], 0.0954288 secs] [Times: user=0.13 sys=0.00, real=0.10 secs] 
17.735: [Full GC (Ergonomics) [PSYoungGen: 1024K->741K(1536K)] [ParOldGen: 4061K->4061K(4096K)] 5085K->4803K(5632K), [Metaspace: 19294K->19294K(1067008K)], 0.0540794 secs] [Times: user=0.08 sys=0.00, real=0.05 secs] 
17.817: [Full GC (Ergonomics) [PSYoungGen: 1024K->753K(1536K)] [ParOldGen: 4061K->4061K(4096K)] 5085K->4814K(5632K), [Metaspace: 19315K->19315K(1067008K)], 0.0589936 secs] [Times: user=0.03 sys=0.00, real=0.06 secs] 
17.885: [Full GC (Ergonomics) [PSYoungGen: 1021K->739K(1536K)] [ParOldGen: 4061K->4061K(4096K)] 5083K->4800K(5632K), [Metaspace: 19340K->19340K(1067008K)], 0.0675250 secs] [Times: user=0.03 sys=0.08, real=0.07 secs] 
17.968: [Full GC (Ergonomics) [PSYoungGen: 1024K->752K(1536K)] [ParOldGen: 4061K->4061K(4096K)] 5085K->4813K(5632K), [Metaspace: 19373K->19373K(1067008K)], 0.0640141 secs] [Times: user=0.03 sys=0.00, real=0.06 secs] 
18.050: [Full GC (Ergonomics) [PSYoungGen: 1024K->741K(1536K)] [ParOldGen: 4061K->4061K(4096K)] 5085K->4803K(5632K), [Metaspace: 19391K->19391K(1067008K)], 0.0768819 secs] [Times: user=0.02 sys=0.00, real=0.08 secs] 
18.135: [Full GC (Ergonomics) [PSYoungGen: 1024K->698K(1536K)] [ParOldGen: 4061K->4061K(4096K)] 5085K->4759K(5632K), [Metaspace: 19406K->19402K(1067008K)], 0.0708600 secs] [Times: user=0.13 sys=0.02, real=0.07 secs] 
18.214: [Full GC (Ergonomics) [PSYoungGen: 1024K->711K(1536K)] [ParOldGen: 4061K->4061K(4096K)] 5085K->4772K(5632K), [Metaspace: 19421K->19421K(1067008K)], 0.0365959 secs] [Times: user=0.09 sys=0.00, real=0.04 secs] 
18.260: [Full GC (Ergonomics) [PSYoungGen: 1024K->708K(1536K)] [ParOldGen: 4061K->4061K(4096K)] 5085K->4769K(5632K), [Metaspace: 19435K->19435K(1067008K)], 0.0582993 secs] [Times: user=0.06 sys=0.00, real=0.06 secs] 
18.325: [Full GC (Ergonomics) [PSYoungGen: 1024K->711K(1536K)] [ParOldGen: 4061K->4061K(4096K)] 5085K->4772K(5632K), [Metaspace: 19447K->19447K(1067008K)], 0.0953806 secs] [Times: user=0.13 sys=0.00, real=0.10 secs] 
18.434: [Full GC (Ergonomics) [PSYoungGen: 1024K->723K(1536K)] [ParOldGen: 4061K->4061K(4096K)] 5085K->4784K(5632K), [Metaspace: 19468K->19468K(1067008K)], 0.0594820 secs] [Times: user=0.11 sys=0.00, real=0.06 secs] 
18.506: [Full GC (Ergonomics) [PSYoungGen: 1024K->735K(1536K)] [ParOldGen: 4061K->4061K(4096K)] 5085K->4797K(5632K), [Metaspace: 19486K->19486K(1067008K)], 0.0827081 secs] [Times: user=0.06 sys=0.01, real=0.08 secs] 
18.602: [Full GC (Ergonomics) [PSYoungGen: 1021K->754K(1536K)] [ParOldGen: 4061K->4061K(4096K)] 5083K->4816K(5632K), [Metaspace: 19517K->19517K(1067008K)], 0.0747393 secs] [Times: user=0.06 sys=0.00, real=0.07 secs] 
18.698: [Full GC (Ergonomics) [PSYoungGen: 1024K->697K(1536K)] [ParOldGen: 4061K->4061K(4096K)] 5085K->4758K(5632K), [Metaspace: 19542K->19470K(1067008K)], 0.0917321 secs] [Times: user=0.11 sys=0.00, real=0.09 secs] 
18.809: [Full GC (Ergonomics) [PSYoungGen: 1022K->717K(1536K)] [ParOldGen: 4061K->4061K(4096K)] 5083K->4778K(5632K), [Metaspace: 19484K->19484K(1067008K)], 0.0507792 secs] [Times: user=0.09 sys=0.00, real=0.05 secs] 
18.869: [Full GC (Ergonomics) [PSYoungGen: 1024K->738K(1536K)] [ParOldGen: 4061K->4052K(4096K)] 5085K->4791K(5632K), [Metaspace: 19503K->19503K(1067008K)], 0.0360034 secs] [Times: user=0.03 sys=0.00, real=0.04 secs] 
18.916: [Full GC (Ergonomics) [PSYoungGen: 1023K->743K(1536K)] [ParOldGen: 4052K->4049K(4096K)] 5075K->4792K(5632K), [Metaspace: 19503K->19503K(1067008K)], 0.0724549 secs] [Times: user=0.06 sys=0.00, real=0.07 secs] 
18.993: [Full GC (Ergonomics) [PSYoungGen: 1020K->829K(1536K)] [ParOldGen: 4049K->4049K(4096K)] 5070K->4878K(5632K), [Metaspace: 19517K->19517K(1067008K)], 0.0616694 secs] [Times: user=0.02 sys=0.00, real=0.06 secs] 
19.070: [Full GC (Ergonomics) [PSYoungGen: 1009K->871K(1536K)] [ParOldGen: 4049K->4049K(4096K)] 5058K->4920K(5632K), [Metaspace: 19565K->19565K(1067008K)], 0.0794976 secs] [Times: user=0.06 sys=0.00, real=0.08 secs] 
19.150: [Full GC (Ergonomics) [PSYoungGen: 992K->851K(1536K)] [ParOldGen: 4049K->4049K(4096K)] 5041K->4901K(5632K), [Metaspace: 19565K->19565K(1067008K)], 0.0459309 secs] [Times: user=0.06 sys=0.00, real=0.05 secs] 
19.200: [Full GC (Ergonomics) [PSYoungGen: 1024K->862K(1536K)] [ParOldGen: 4049K->4049K(4096K)] 5073K->4911K(5632K), [Metaspace: 19584K->19584K(1067008K)], 0.0833660 secs] [Times: user=0.08 sys=0.00, real=0.08 secs] 
19.286: [Full GC (Ergonomics) [PSYoungGen: 1017K->921K(1536K)] [ParOldGen: 4049K->4049K(4096K)] 5066K->4970K(5632K), [Metaspace: 19624K->19624K(1067008K)], 0.0759055 secs] [Times: user=0.02 sys=0.00, real=0.08 secs] 
19.363: [Full GC (Ergonomics) [PSYoungGen: 977K->941K(1536K)] [ParOldGen: 4049K->4049K(4096K)] 5027K->4990K(5632K), [Metaspace: 19624K->19624K(1067008K)], 0.2462542 secs] [Times: user=0.03 sys=0.00, real=0.25 secs] 
19.611: [Full GC (Ergonomics) [PSYoungGen: 999K->965K(1536K)] [ParOldGen: 4049K->4049K(4096K)] 5048K->5015K(5632K), [Metaspace: 19624K->19624K(1067008K)], 0.4270036 secs] [Times: user=0.05 sys=0.00, real=0.43 secs] 
20.039: [Full GC (Ergonomics) [PSYoungGen: 1022K->929K(1536K)] [ParOldGen: 4049K->4049K(4096K)] 5071K->4979K(5632K), [Metaspace: 19624K->19624K(1067008K)], 0.1285279 secs] [Times: user=0.06 sys=0.00, real=0.13 secs] 
20.179: [Full GC (Ergonomics) [PSYoungGen: 1016K->863K(1536K)] [ParOldGen: 4049K->4049K(4096K)] 5065K->4913K(5632K), [Metaspace: 19664K->19664K(1067008K)], 0.2553969 secs] [Times: user=0.03 sys=0.00, real=0.26 secs] 
20.437: [Full GC (Ergonomics) [PSYoungGen: 1011K->954K(1536K)] [ParOldGen: 4049K->4049K(4096K)] 5060K->5003K(5632K), [Metaspace: 19664K->19664K(1067008K)], 0.0424557 secs] [Times: user=0.06 sys=0.00, real=0.04 secs] 
20.480: [Full GC (Ergonomics) [PSYoungGen: 1001K->954K(1536K)] [ParOldGen: 4049K->4049K(4096K)] 5050K->5003K(5632K), [Metaspace: 19664K->19664K(1067008K)], 0.0381464 secs] [Times: user=0.08 sys=0.00, real=0.04 secs] 
20.521: [Full GC (Ergonomics) [PSYoungGen: 1024K->954K(1536K)] [ParOldGen: 4049K->4049K(4096K)] 5073K->5003K(5632K), [Metaspace: 19702K->19702K(1067008K)], 0.0240280 secs] [Times: user=0.02 sys=0.00, real=0.02 secs] 
20.546: [Full GC (Ergonomics) [PSYoungGen: 1024K->972K(1536K)] [ParOldGen: 4049K->4049K(4096K)] 5073K->5021K(5632K), [Metaspace: 19708K->19708K(1067008K)], 0.0333222 secs] [Times: user=0.05 sys=0.00, real=0.03 secs] 
20.581: [Full GC (Ergonomics) [PSYoungGen: 1013K->995K(1536K)] [ParOldGen: 4049K->4049K(4096K)] 5063K->5044K(5632K), [Metaspace: 19708K->19708K(1067008K)], 0.0342730 secs] [Times: user=0.03 sys=0.00, real=0.03 secs] 
20.615: [Full GC (Ergonomics) [PSYoungGen: 1012K->1004K(1536K)] [ParOldGen: 4049K->4049K(4096K)] 5061K->5053K(5632K), [Metaspace: 19708K->19708K(1067008K)], 0.0236146 secs] [Times: user=0.02 sys=0.00, real=0.02 secs] 
20.639: [Full GC (Ergonomics) [PSYoungGen: 1021K->1004K(1536K)] [ParOldGen: 4049K->4049K(4096K)] 5070K->5053K(5632K), [Metaspace: 19708K->19708K(1067008K)], 0.0462860 secs] [Times: user=0.08 sys=0.00, real=0.05 secs] 
20.687: [Full GC (Ergonomics) [PSYoungGen: 1024K->1007K(1536K)] [ParOldGen: 4049K->4049K(4096K)] 5073K->5056K(5632K), [Metaspace: 19721K->19721K(1067008K)], 0.0317496 secs] [Times: user=0.05 sys=0.01, real=0.03 secs] 
20.725: [Full GC (Ergonomics) [PSYoungGen: 1024K->1009K(1536K)] [ParOldGen: 4049K->4049K(4096K)] 5073K->5058K(5632K), [Metaspace: 19721K->19721K(1067008K)], 0.0708789 secs] [Times: user=0.06 sys=0.00, real=0.07 secs] 
20.796: [Full GC (Ergonomics) [PSYoungGen: 1024K->1009K(1536K)] [ParOldGen: 4049K->4049K(4096K)] 5073K->5059K(5632K), [Metaspace: 19721K->19721K(1067008K)], 0.0490377 secs] [Times: user=0.02 sys=0.03, real=0.05 secs] 
20.848: [Full GC (Ergonomics) [PSYoungGen: 1024K->1019K(1536K)] [ParOldGen: 4049K->4049K(4096K)] 5073K->5068K(5632K), [Metaspace: 19721K->19721K(1067008K)], 0.0440838 secs] [Times: user=0.02 sys=0.00, real=0.04 secs] 
20.892: [Full GC (Ergonomics) [PSYoungGen: 1024K->1019K(1536K)] [ParOldGen: 4049K->4049K(4096K)] 5073K->5069K(5632K), [Metaspace: 19721K->19721K(1067008K)], 0.0278191 secs] [Times: user=0.01 sys=0.00, real=0.03 secs] 
20.921: [Full GC (Ergonomics) [PSYoungGen: 1024K->1020K(1536K)] [ParOldGen: 4049K->4049K(4096K)] 5073K->5069K(5632K), [Metaspace: 19721K->19721K(1067008K)], 0.0288248 secs] [Times: user=0.06 sys=0.00, real=0.03 secs] 
20.950: [Full GC (Ergonomics) [PSYoungGen: 1024K->1021K(1536K)] [ParOldGen: 4049K->4049K(4096K)] 5073K->5071K(5632K), [Metaspace: 19721K->19721K(1067008K)], 0.0340819 secs] [Times: user=0.05 sys=0.00, real=0.03 secs] 
20.984: [Full GC (Ergonomics) [PSYoungGen: 1024K->1021K(1536K)] [ParOldGen: 4049K->4049K(4096K)] 5073K->5071K(5632K), [Metaspace: 19721K->19721K(1067008K)], 0.0527689 secs] [Times: user=0.01 sys=0.02, real=0.05 secs] 
21.038: [Full GC (Ergonomics) [PSYoungGen: 1024K->1022K(1536K)] [ParOldGen: 4092K->4064K(4096K)] 5116K->5087K(5632K), [Metaspace: 19721K->19721K(1067008K)], 0.0318970 secs] [Times: user=0.05 sys=0.00, real=0.03 secs] 
21.073: [Full GC (Ergonomics) [PSYoungGen: 1024K->831K(1536K)] [ParOldGen: 4073K->4058K(4096K)] 5097K->4889K(5632K), [Metaspace: 19742K->19742K(1067008K)], 0.0411109 secs] [Times: user=0.08 sys=0.00, real=0.04 secs] 
21.120: [Full GC (Ergonomics) [PSYoungGen: 1024K->664K(1536K)] [ParOldGen: 4058K->4050K(4096K)] 5082K->4714K(5632K), [Metaspace: 19780K->19780K(1067008K)], 0.0302232 secs] [Times: user=0.08 sys=0.00, real=0.03 secs] 
21.160: [Full GC (Ergonomics) [PSYoungGen: 1023K->705K(1536K)] [ParOldGen: 4050K->4050K(4096K)] 5073K->4755K(5632K), [Metaspace: 19805K->19805K(1067008K)], 0.0254017 secs] [Times: user=0.02 sys=0.00, real=0.02 secs] 
21.195: [Full GC (Ergonomics) [PSYoungGen: 1024K->710K(1536K)] [ParOldGen: 4050K->4050K(4096K)] 5074K->4760K(5632K), [Metaspace: 19832K->19832K(1067008K)], 0.0306233 secs] [Times: user=0.05 sys=0.00, real=0.03 secs] 
21.232: [Full GC (Ergonomics) [PSYoungGen: 1024K->743K(1536K)] [ParOldGen: 4050K->4050K(4096K)] 5074K->4793K(5632K), [Metaspace: 19855K->19855K(1067008K)], 0.0284052 secs] [Times: user=0.11 sys=0.00, real=0.03 secs] 
21.266: [Full GC (Ergonomics) [PSYoungGen: 1020K->763K(1536K)] [ParOldGen: 4050K->4050K(4096K)] 5070K->4813K(5632K), [Metaspace: 19874K->19874K(1067008K)], 0.0300804 secs] [Times: user=0.02 sys=0.00, real=0.03 secs] 
21.303: [Full GC (Ergonomics) [PSYoungGen: 1018K->785K(1536K)] [ParOldGen: 4050K->4050K(4096K)] 5068K->4836K(5632K), [Metaspace: 19897K->19897K(1067008K)], 0.0310342 secs] [Times: user=0.05 sys=0.00, real=0.03 secs] 
21.344: [Full GC (Ergonomics) [PSYoungGen: 1023K->821K(1536K)] [ParOldGen: 4050K->4050K(4096K)] 5073K->4871K(5632K), [Metaspace: 19921K->19921K(1067008K)], 0.0334818 secs] [Times: user=0.05 sys=0.00, real=0.03 secs] 
21.381: [Full GC (Ergonomics) [PSYoungGen: 1024K->822K(1536K)] [ParOldGen: 4050K->4050K(4096K)] 5074K->4872K(5632K), [Metaspace: 19934K->19934K(1067008K)], 0.0358503 secs] [Times: user=0.03 sys=0.00, real=0.04 secs] 
21.420: [Full GC (Ergonomics) [PSYoungGen: 1013K->838K(1536K)] [ParOldGen: 4050K->4049K(4096K)] 5063K->4888K(5632K), [Metaspace: 19951K->19951K(1067008K)], 0.0429404 secs] [Times: user=0.09 sys=0.00, real=0.04 secs] 
21.471: [Full GC (Ergonomics) [PSYoungGen: 1024K->809K(1536K)] [ParOldGen: 4049K->4049K(4096K)] 5073K->4859K(5632K), [Metaspace: 19971K->19971K(1067008K)], 0.0639954 secs] [Times: user=0.01 sys=0.00, real=0.06 secs] 
21.538: [Full GC (Ergonomics) [PSYoungGen: 1017K->856K(1536K)] [ParOldGen: 4049K->4049K(4096K)] 5067K->4906K(5632K), [Metaspace: 19983K->19983K(1067008K)], 0.0346608 secs] [Times: user=0.08 sys=0.00, real=0.04 secs] 
21.577: [Full GC (Ergonomics) [PSYoungGen: 1024K->862K(1536K)] [ParOldGen: 4049K->4049K(4096K)] 5073K->4912K(5632K), [Metaspace: 20022K->20022K(1067008K)], 0.0266947 secs] [Times: user=0.09 sys=0.00, real=0.03 secs] 
21.611: [Full GC (Ergonomics) [PSYoungGen: 1018K->862K(1536K)] [ParOldGen: 4049K->4049K(4096K)] 5068K->4912K(5632K), [Metaspace: 20044K->20044K(1067008K)], 0.0372963 secs] [Times: user=0.02 sys=0.00, real=0.04 secs] 
21.651: [Full GC (Ergonomics) [PSYoungGen: 1024K->830K(1536K)] [ParOldGen: 4049K->4049K(4096K)] 5073K->4880K(5632K), [Metaspace: 20047K->20047K(1067008K)], 0.0242128 secs] [Times: user=0.06 sys=0.00, real=0.02 secs] 
21.683: [Full GC (Ergonomics) [PSYoungGen: 1021K->852K(1536K)] [ParOldGen: 4049K->4049K(4096K)] 5071K->4902K(5632K), [Metaspace: 20066K->20066K(1067008K)], 0.0328068 secs] [Times: user=0.08 sys=0.00, real=0.03 secs] 
21.721: [Full GC (Ergonomics) [PSYoungGen: 1024K->856K(1536K)] [ParOldGen: 4049K->4049K(4096K)] 5073K->4906K(5632K), [Metaspace: 20082K->20082K(1067008K)], 0.0307540 secs] [Times: user=0.02 sys=0.00, real=0.03 secs] 
21.755: [Full GC (Ergonomics) [PSYoungGen: 1024K->868K(1536K)] [ParOldGen: 4049K->4049K(4096K)] 5073K->4918K(5632K), [Metaspace: 20100K->20100K(1067008K)], 0.0382924 secs] [Times: user=0.01 sys=0.00, real=0.04 secs] 
21.795: [Full GC (Ergonomics) [PSYoungGen: 1015K->851K(1536K)] [ParOldGen: 4049K->4049K(4096K)] 5065K->4901K(5632K), [Metaspace: 20109K->20109K(1067008K)], 0.0250665 secs] [Times: user=0.09 sys=0.00, real=0.03 secs] 
21.824: [Full GC (Ergonomics) [PSYoungGen: 1021K->836K(1536K)] [ParOldGen: 4049K->4049K(4096K)] 5071K->4886K(5632K), [Metaspace: 20123K->20123K(1067008K)], 0.0269169 secs] [Times: user=0.02 sys=0.00, real=0.03 secs] 
21.859: [Full GC (Ergonomics) [PSYoungGen: 1024K->832K(1536K)] [ParOldGen: 4049K->4049K(4096K)] 5073K->4882K(5632K), [Metaspace: 20154K->20154K(1067008K)], 0.0227980 secs] [Times: user=0.11 sys=0.00, real=0.02 secs] 
21.887: [Full GC (Ergonomics) [PSYoungGen: 1024K->814K(1536K)] [ParOldGen: 4049K->4049K(4096K)] 5073K->4864K(5632K), [Metaspace: 20164K->20164K(1067008K)], 0.0217020 secs] [Times: user=0.13 sys=0.01, real=0.02 secs] 
21.917: [Full GC (Ergonomics) [PSYoungGen: 1024K->833K(1536K)] [ParOldGen: 4049K->4049K(4096K)] 5073K->4882K(5632K), [Metaspace: 20171K->20171K(1067008K)], 0.0491548 secs] [Times: user=0.03 sys=0.00, real=0.05 secs] 
21.974: [Full GC (Ergonomics) [PSYoungGen: 1024K->819K(1536K)] [ParOldGen: 4049K->4032K(4096K)] 5073K->4851K(5632K), [Metaspace: 20183K->20183K(1067008K)], 0.0366833 secs] [Times: user=0.05 sys=0.00, real=0.04 secs] 
22.019: [Full GC (Ergonomics) [PSYoungGen: 1022K->832K(1536K)] [ParOldGen: 4032K->4032K(4096K)] 5054K->4864K(5632K), [Metaspace: 20193K->20193K(1067008K)], 0.0388134 secs] [Times: user=0.08 sys=0.00, real=0.04 secs] 
22.064: [Full GC (Ergonomics) [PSYoungGen: 1024K->833K(1536K)] [ParOldGen: 4032K->4032K(4096K)] 5056K->4865K(5632K), [Metaspace: 20205K->20205K(1067008K)], 0.0324710 secs] [Times: user=0.05 sys=0.00, real=0.03 secs] 
22.101: [Full GC (Ergonomics) [PSYoungGen: 1015K->843K(1536K)] [ParOldGen: 4032K->4032K(4096K)] 5047K->4876K(5632K), [Metaspace: 20205K->20205K(1067008K)], 0.0363568 secs] [Times: user=0.01 sys=0.02, real=0.04 secs] 
22.138: [Full GC (Ergonomics) [PSYoungGen: 1024K->887K(1536K)] [ParOldGen: 4032K->4032K(4096K)] 5056K->4919K(5632K), [Metaspace: 20205K->20205K(1067008K)], 0.0414530 secs] [Times: user=0.09 sys=0.00, real=0.04 secs] 
22.189: [Full GC (Ergonomics) [PSYoungGen: 1016K->853K(1536K)] [ParOldGen: 4032K->4032K(4096K)] 5048K->4885K(5632K), [Metaspace: 20205K->20194K(1067008K)], 0.0479732 secs] [Times: user=0.05 sys=0.00, real=0.05 secs] 
22.241: [Full GC (Ergonomics) [PSYoungGen: 1024K->842K(1536K)] [ParOldGen: 4032K->4032K(4096K)] 5056K->4874K(5632K), [Metaspace: 20194K->20179K(1067008K)], 0.0278722 secs] [Times: user=0.05 sys=0.02, real=0.03 secs] 
22.271: [Full GC (Ergonomics) [PSYoungGen: 1024K->862K(1536K)] [ParOldGen: 4032K->4032K(4096K)] 5056K->4894K(5632K), [Metaspace: 20179K->20175K(1067008K)], 0.0277223 secs] [Times: user=0.03 sys=0.02, real=0.03 secs] 
22.302: [Full GC (Ergonomics) [PSYoungGen: 1024K->828K(1536K)] [ParOldGen: 4032K->4032K(4096K)] 5056K->4860K(5632K), [Metaspace: 20175K->20156K(1067008K)], 0.0255508 secs] [Times: user=0.06 sys=0.00, real=0.03 secs] 
22.332: [Full GC (Ergonomics) [PSYoungGen: 1024K->838K(1536K)] [ParOldGen: 4032K->4032K(4096K)] 5056K->4870K(5632K), [Metaspace: 20156K->20156K(1067008K)], 0.0322892 secs] [Times: user=0.02 sys=0.00, real=0.03 secs] 
22.372: [Full GC (Ergonomics) [PSYoungGen: 1022K->849K(1536K)] [ParOldGen: 4032K->4032K(4096K)] 5054K->4881K(5632K), [Metaspace: 20167K->20156K(1067008K)], 0.0414531 secs] [Times: user=0.14 sys=0.02, real=0.04 secs] 
22.421: [Full GC (Ergonomics) [PSYoungGen: 1019K->853K(1536K)] [ParOldGen: 4032K->4032K(4096K)] 5052K->4885K(5632K), [Metaspace: 20165K->20165K(1067008K)], 0.0300220 secs] [Times: user=0.02 sys=0.00, real=0.03 secs] 
22.459: [Full GC (Ergonomics) [PSYoungGen: 1024K->816K(1536K)] [ParOldGen: 4032K->4032K(4096K)] 5056K->4848K(5632K), [Metaspace: 20181K->20166K(1067008K)], 0.0309566 secs] [Times: user=0.06 sys=0.00, real=0.03 secs] 
22.496: [Full GC (Ergonomics) [PSYoungGen: 1022K->831K(1536K)] [ParOldGen: 4032K->4032K(4096K)] 5054K->4863K(5632K), [Metaspace: 20179K->20179K(1067008K)], 0.0244442 secs] [Times: user=0.02 sys=0.00, real=0.02 secs] 
22.528: [Full GC (Ergonomics) [PSYoungGen: 1024K->823K(1536K)] [ParOldGen: 4032K->4032K(4096K)] 5056K->4855K(5632K), [Metaspace: 20192K->20192K(1067008K)], 0.0297082 secs] [Times: user=0.02 sys=0.01, real=0.03 secs] 
22.564: [Full GC (Ergonomics) [PSYoungGen: 1019K->824K(1536K)] [ParOldGen: 4032K->4032K(4096K)] 5051K->4856K(5632K), [Metaspace: 20202K->20202K(1067008K)], 0.0285467 secs] [Times: user=0.01 sys=0.00, real=0.03 secs] 
22.600: [Full GC (Ergonomics) [PSYoungGen: 1024K->832K(1536K)] [ParOldGen: 4032K->4032K(4096K)] 5056K->4864K(5632K), [Metaspace: 20217K->20217K(1067008K)], 0.0408373 secs] [Times: user=0.02 sys=0.03, real=0.04 secs] 
22.647: [Full GC (Ergonomics) [PSYoungGen: 1023K->826K(1536K)] [ParOldGen: 4032K->4032K(4096K)] 5055K->4858K(5632K), [Metaspace: 20226K->20226K(1067008K)], 0.0352127 secs] [Times: user=0.05 sys=0.00, real=0.04 secs] 
22.690: [Full GC (Ergonomics) [PSYoungGen: 1024K->838K(1536K)] [ParOldGen: 4032K->4031K(4096K)] 5056K->4869K(5632K), [Metaspace: 20233K->20233K(1067008K)], 0.0459530 secs] [Times: user=0.05 sys=0.02, real=0.05 secs] 
22.741: [Full GC (Ergonomics) [PSYoungGen: 1024K->844K(1536K)] [ParOldGen: 4031K->4031K(4096K)] 5055K->4876K(5632K), [Metaspace: 20246K->20246K(1067008K)], 0.0274799 secs] [Times: user=0.08 sys=0.00, real=0.03 secs] 
22.779: [Full GC (Ergonomics) [PSYoungGen: 1024K->872K(1536K)] [ParOldGen: 4031K->4031K(4096K)] 5055K->4903K(5632K), [Metaspace: 20255K->20255K(1067008K)], 0.0575238 secs] [Times: user=0.08 sys=0.00, real=0.06 secs] 
22.843: [Full GC (Ergonomics) [PSYoungGen: 1024K->896K(1536K)] [ParOldGen: 4031K->4031K(4096K)] 5055K->4927K(5632K), [Metaspace: 20259K->20259K(1067008K)], 0.0314106 secs] [Times: user=0.08 sys=0.00, real=0.03 secs] 
22.881: [Full GC (Ergonomics) [PSYoungGen: 1024K->914K(1536K)] [ParOldGen: 4031K->4031K(4096K)] 5055K->4945K(5632K), [Metaspace: 20262K->20262K(1067008K)], 0.0334011 secs] [Times: user=0.01 sys=0.02, real=0.03 secs] 
22.918: [Full GC (Ergonomics) [PSYoungGen: 1018K->911K(1536K)] [ParOldGen: 4031K->4031K(4096K)] 5049K->4943K(5632K), [Metaspace: 20266K->20266K(1067008K)], 0.0224886 secs] [Times: user=0.22 sys=0.00, real=0.02 secs] 
22.946: [Full GC (Ergonomics) [PSYoungGen: 1024K->908K(1536K)] [ParOldGen: 4031K->4031K(4096K)] 5055K->4939K(5632K), [Metaspace: 20275K->20275K(1067008K)], 0.0340547 secs] [Times: user=0.08 sys=0.00, real=0.03 secs] 
22.986: [Full GC (Ergonomics) [PSYoungGen: 1013K->924K(1536K)] [ParOldGen: 4031K->4031K(4096K)] 5045K->4955K(5632K), [Metaspace: 20278K->20278K(1067008K)], 0.0258547 secs] [Times: user=0.02 sys=0.00, real=0.03 secs] 
23.017: [Full GC (Ergonomics) [PSYoungGen: 1024K->916K(1536K)] [ParOldGen: 4031K->4031K(4096K)] 5055K->4947K(5632K), [Metaspace: 20291K->20291K(1067008K)], 0.0699940 secs] [Times: user=0.03 sys=0.00, real=0.07 secs] 
23.093: [Full GC (Ergonomics) [PSYoungGen: 1015K->939K(1536K)] [ParOldGen: 4031K->4030K(4096K)] 5047K->4969K(5632K), [Metaspace: 20295K->20295K(1067008K)], 0.0757727 secs] [Times: user=0.06 sys=0.02, real=0.08 secs] 
23.172: [Full GC (Ergonomics) [PSYoungGen: 1020K->948K(1536K)] [ParOldGen: 4030K->4030K(4096K)] 5050K->4978K(5632K), [Metaspace: 20307K->20307K(1067008K)], 0.0350118 secs] [Times: user=0.05 sys=0.03, real=0.04 secs] 
23.213: [Full GC (Ergonomics) [PSYoungGen: 1024K->940K(1536K)] [ParOldGen: 4030K->4030K(4096K)] 5054K->4970K(5632K), [Metaspace: 20320K->20320K(1067008K)], 0.0255019 secs] [Times: user=0.05 sys=0.00, real=0.02 secs] 
23.243: [Full GC (Ergonomics) [PSYoungGen: 1024K->927K(1536K)] [ParOldGen: 4030K->4030K(4096K)] 5054K->4957K(5632K), [Metaspace: 20337K->20337K(1067008K)], 0.0330758 secs] [Times: user=0.03 sys=0.02, real=0.03 secs] 
23.281: [Full GC (Ergonomics) [PSYoungGen: 1015K->940K(1536K)] [ParOldGen: 4030K->4030K(4096K)] 5045K->4970K(5632K), [Metaspace: 20339K->20339K(1067008K)], 0.0348892 secs] [Times: user=0.06 sys=0.01, real=0.04 secs] 
23.318: [Full GC (Ergonomics) [PSYoungGen: 1024K->933K(1536K)] [ParOldGen: 4030K->4030K(4096K)] 5054K->4963K(5632K), [Metaspace: 20349K->20349K(1067008K)], 0.0489694 secs] [Times: user=0.05 sys=0.02, real=0.05 secs] 
23.373: [Full GC (Ergonomics) [PSYoungGen: 1024K->927K(1536K)] [ParOldGen: 4030K->4030K(4096K)] 5054K->4957K(5632K), [Metaspace: 20352K->20352K(1067008K)], 0.0435632 secs] [Times: user=0.11 sys=0.00, real=0.04 secs] 
23.421: [Full GC (Ergonomics) [PSYoungGen: 1024K->840K(1536K)] [ParOldGen: 4030K->4030K(4096K)] 5054K->4870K(5632K), [Metaspace: 20356K->20356K(1067008K)], 0.0374521 secs] [Times: user=0.13 sys=0.00, real=0.04 secs] 
23.469: [Full GC (Ergonomics) [PSYoungGen: 1024K->845K(1536K)] [ParOldGen: 4030K->4030K(4096K)] 5054K->4875K(5632K), [Metaspace: 20366K->20366K(1067008K)], 0.0393199 secs] [Times: user=0.05 sys=0.00, real=0.04 secs] 
23.516: [Full GC (Ergonomics) [PSYoungGen: 1024K->841K(1536K)] [ParOldGen: 4030K->4030K(4096K)] 5054K->4871K(5632K), [Metaspace: 20372K->20372K(1067008K)], 0.0448806 secs] [Times: user=0.01 sys=0.00, real=0.04 secs] 
23.569: [Full GC (Ergonomics) [PSYoungGen: 1024K->855K(1536K)] [ParOldGen: 4030K->4030K(4096K)] 5054K->4886K(5632K), [Metaspace: 20375K->20375K(1067008K)], 0.0532187 secs] [Times: user=0.01 sys=0.02, real=0.05 secs] 
23.629: [Full GC (Ergonomics) [PSYoungGen: 1024K->863K(1536K)] [ParOldGen: 4030K->4030K(4096K)] 5054K->4893K(5632K), [Metaspace: 20382K->20382K(1067008K)], 0.0455037 secs] [Times: user=0.02 sys=0.00, real=0.05 secs] 
23.681: [Full GC (Ergonomics) [PSYoungGen: 1022K->867K(1536K)] [ParOldGen: 4030K->4030K(4096K)] 5052K->4898K(5632K), [Metaspace: 20391K->20391K(1067008K)], 0.0383596 secs] [Times: user=0.02 sys=0.00, real=0.04 secs] 
23.728: [Full GC (Ergonomics) [PSYoungGen: 1024K->867K(1536K)] [ParOldGen: 4030K->4029K(4096K)] 5054K->4897K(5632K), [Metaspace: 20404K->20404K(1067008K)], 0.0374863 secs] [Times: user=0.03 sys=0.02, real=0.04 secs] 
23.772: [Full GC (Ergonomics) [PSYoungGen: 1024K->864K(1536K)] [ParOldGen: 4029K->4029K(4096K)] 5053K->4894K(5632K), [Metaspace: 20420K->20420K(1067008K)], 0.0350298 secs] [Times: user=0.06 sys=0.00, real=0.03 secs] 
23.814: [Full GC (Ergonomics) [PSYoungGen: 1024K->876K(1536K)] [ParOldGen: 4029K->4029K(4096K)] 5053K->4905K(5632K), [Metaspace: 20432K->20432K(1067008K)], 0.0250306 secs] [Times: user=0.02 sys=0.00, real=0.03 secs] 
23.845: [Full GC (Ergonomics) [PSYoungGen: 1023K->887K(1536K)] [ParOldGen: 4029K->4029K(4096K)] 5053K->4917K(5632K), [Metaspace: 20450K->20450K(1067008K)], 0.0301171 secs] [Times: user=0.03 sys=0.02, real=0.03 secs] 
23.882: [Full GC (Ergonomics) [PSYoungGen: 1024K->868K(1536K)] [ParOldGen: 4029K->4029K(4096K)] 5053K->4898K(5632K), [Metaspace: 20460K->20460K(1067008K)], 0.0349751 secs] [Times: user=0.02 sys=0.03, real=0.04 secs] 
23.922: [Full GC (Ergonomics) [PSYoungGen: 1024K->871K(1536K)] [ParOldGen: 4029K->4029K(4096K)] 5053K->4901K(5632K), [Metaspace: 20478K->20478K(1067008K)], 0.0263204 secs] [Times: user=0.02 sys=0.00, real=0.03 secs] 
23.954: [Full GC (Ergonomics) [PSYoungGen: 1024K->868K(1536K)] [ParOldGen: 4029K->4029K(4096K)] 5053K->4898K(5632K), [Metaspace: 20489K->20489K(1067008K)], 0.0298754 secs] [Times: user=0.02 sys=0.01, real=0.03 secs] 
23.992: [Full GC (Ergonomics) [PSYoungGen: 1024K->871K(1536K)] [ParOldGen: 4029K->4029K(4096K)] 5053K->4901K(5632K), [Metaspace: 20505K->20505K(1067008K)], 0.0277307 secs] [Times: user=0.08 sys=0.00, real=0.03 secs] 
24.029: [Full GC (Ergonomics) [PSYoungGen: 1024K->824K(1536K)] [ParOldGen: 4029K->4029K(4096K)] 5053K->4854K(5632K), [Metaspace: 20513K->20513K(1067008K)], 0.0252918 secs] [Times: user=0.14 sys=0.00, real=0.03 secs] 
24.064: [Full GC (Ergonomics) [PSYoungGen: 1024K->810K(1536K)] [ParOldGen: 4029K->4029K(4096K)] 5053K->4840K(5632K), [Metaspace: 20524K->20524K(1067008K)], 0.0706519 secs] [Times: user=0.08 sys=0.05, real=0.07 secs] 
24.143: [Full GC (Ergonomics) [PSYoungGen: 1024K->815K(1536K)] [ParOldGen: 4029K->4029K(4096K)] 5053K->4845K(5632K), [Metaspace: 20534K->20534K(1067008K)], 0.0489499 secs] [Times: user=0.03 sys=0.00, real=0.05 secs] 
24.201: [Full GC (Ergonomics) [PSYoungGen: 1023K->819K(1536K)] [ParOldGen: 4029K->4029K(4096K)] 5053K->4848K(5632K), [Metaspace: 20548K->20548K(1067008K)], 0.0425289 secs] [Times: user=0.13 sys=0.00, real=0.04 secs] 
24.252: [Full GC (Ergonomics) [PSYoungGen: 1021K->819K(1536K)] [ParOldGen: 4029K->4029K(4096K)] 5051K->4849K(5632K), [Metaspace: 20559K->20559K(1067008K)], 0.0898969 secs] [Times: user=0.02 sys=0.00, real=0.09 secs] 
24.356: [Full GC (Ergonomics) [PSYoungGen: 1024K->822K(1536K)] [ParOldGen: 4029K->4029K(4096K)] 5053K->4851K(5632K), [Metaspace: 20571K->20571K(1067008K)], 0.1107656 secs] [Times: user=0.13 sys=0.02, real=0.11 secs] 
24.473: [Full GC (Ergonomics) [PSYoungGen: 1024K->828K(1536K)] [ParOldGen: 4029K->4029K(4096K)] 5053K->4857K(5632K), [Metaspace: 20585K->20585K(1067008K)], 0.1037076 secs] [Times: user=0.05 sys=0.00, real=0.10 secs] 
24.590: [Full GC (Ergonomics) [PSYoungGen: 1022K->847K(1536K)] [ParOldGen: 4029K->4029K(4096K)] 5052K->4877K(5632K), [Metaspace: 20599K->20599K(1067008K)], 0.0491173 secs] [Times: user=0.03 sys=0.01, real=0.05 secs] 
24.647: [Full GC (Ergonomics) [PSYoungGen: 1024K->836K(1536K)] [ParOldGen: 4029K->4029K(4096K)] 5053K->4866K(5632K), [Metaspace: 20625K->20625K(1069056K)], 0.0368569 secs] [Times: user=0.01 sys=0.00, real=0.04 secs] 
24.694: [Full GC (Ergonomics) [PSYoungGen: 1024K->834K(1536K)] [ParOldGen: 4029K->4029K(4096K)] 5053K->4863K(5632K), [Metaspace: 20642K->20642K(1069056K)], 0.0671095 secs] [Times: user=0.03 sys=0.02, real=0.07 secs] 
24.771: [Full GC (Ergonomics) [PSYoungGen: 1019K->853K(1536K)] [ParOldGen: 4029K->4029K(4096K)] 5049K->4882K(5632K), [Metaspace: 20653K->20653K(1069056K)], 0.0452469 secs] [Times: user=0.03 sys=0.00, real=0.05 secs] 
24.820: [Full GC (Ergonomics) [PSYoungGen: 1017K->887K(1536K)] [ParOldGen: 4029K->4029K(4096K)] 5047K->4916K(5632K), [Metaspace: 20676K->20676K(1069056K)], 0.0668483 secs] [Times: user=0.02 sys=0.00, real=0.07 secs] 
24.889: [Full GC (Ergonomics) [PSYoungGen: 1022K->909K(1536K)] [ParOldGen: 4029K->4029K(4096K)] 5051K->4939K(5632K), [Metaspace: 20700K->20700K(1069056K)], 0.0541503 secs] [Times: user=0.03 sys=0.01, real=0.06 secs] 
24.951: [Full GC (Ergonomics) [PSYoungGen: 1024K->880K(1536K)] [ParOldGen: 4029K->4029K(4096K)] 5053K->4910K(5632K), [Metaspace: 20725K->20725K(1069056K)], 0.0337420 secs] [Times: user=0.13 sys=0.00, real=0.03 secs] 
24.991: [Full GC (Ergonomics) [PSYoungGen: 1024K->855K(1536K)] [ParOldGen: 4029K->4029K(4096K)] 5053K->4885K(5632K), [Metaspace: 20738K->20738K(1069056K)], 0.0341961 secs] [Times: user=0.03 sys=0.02, real=0.04 secs] 
25.033: [Full GC (Ergonomics) [PSYoungGen: 1024K->849K(1536K)] [ParOldGen: 4029K->4029K(4096K)] 5053K->4878K(5632K), [Metaspace: 20752K->20752K(1069056K)], 0.0503768 secs] [Times: user=0.02 sys=0.00, real=0.05 secs] 
25.090: [Full GC (Ergonomics) [PSYoungGen: 1024K->852K(1536K)] [ParOldGen: 4029K->4029K(4096K)] 5053K->4881K(5632K), [Metaspace: 20768K->20768K(1069056K)], 0.0332138 secs] [Times: user=0.09 sys=0.00, real=0.03 secs] 
25.133: [Full GC (Ergonomics) [PSYoungGen: 1024K->871K(1536K)] [ParOldGen: 4029K->4029K(4096K)] 5053K->4900K(5632K), [Metaspace: 20783K->20783K(1069056K)], 0.0382494 secs] [Times: user=0.11 sys=0.00, real=0.04 secs] 
25.178: [Full GC (Ergonomics) [PSYoungGen: 1024K->868K(1536K)] [ParOldGen: 4029K->4029K(4096K)] 5053K->4897K(5632K), [Metaspace: 20790K->20790K(1069056K)], 0.0365431 secs] [Times: user=0.03 sys=0.00, real=0.04 secs] 
25.220: [Full GC (Ergonomics) [PSYoungGen: 1018K->889K(1536K)] [ParOldGen: 4029K->4029K(4096K)] 5047K->4918K(5632K), [Metaspace: 20795K->20795K(1069056K)], 0.0272143 secs] [Times: user=0.01 sys=0.00, real=0.03 secs] 
25.253: [Full GC (Ergonomics) [PSYoungGen: 1024K->885K(1536K)] [ParOldGen: 4029K->4029K(4096K)] 5053K->4914K(5632K), [Metaspace: 20816K->20816K(1069056K)], 0.0332551 secs] [Times: user=0.03 sys=0.00, real=0.03 secs] 
25.288: [Full GC (Ergonomics) [PSYoungGen: 1020K->894K(1536K)] [ParOldGen: 4029K->4029K(4096K)] 5049K->4923K(5632K), [Metaspace: 20817K->20817K(1069056K)], 0.0322091 secs] [Times: user=0.03 sys=0.00, real=0.03 secs] 
25.327: [Full GC (Ergonomics) [PSYoungGen: 1024K->891K(1536K)] [ParOldGen: 4029K->4029K(4096K)] 5053K->4920K(5632K), [Metaspace: 20832K->20832K(1069056K)], 0.0324072 secs] [Times: user=0.11 sys=0.00, real=0.03 secs] 
25.367: [Full GC (Ergonomics) [PSYoungGen: 1024K->877K(1536K)] [ParOldGen: 4029K->4029K(4096K)] 5053K->4906K(5632K), [Metaspace: 20840K->20840K(1069056K)], 0.0328205 secs] [Times: user=0.03 sys=0.00, real=0.03 secs] 
25.406: [Full GC (Ergonomics) [PSYoungGen: 1021K->895K(1536K)] [ParOldGen: 4029K->4029K(4096K)] 5050K->4925K(5632K), [Metaspace: 20846K->20846K(1069056K)], 0.0420942 secs] [Times: user=0.09 sys=0.00, real=0.04 secs] 
25.455: [Full GC (Ergonomics) [PSYoungGen: 1024K->893K(1536K)] [ParOldGen: 4029K->4029K(4096K)] 5053K->4922K(5632K), [Metaspace: 20864K->20864K(1069056K)], 0.0449889 secs] [Times: user=0.02 sys=0.00, real=0.05 secs] 
25.506: [Full GC (Ergonomics) [PSYoungGen: 1023K->895K(1536K)] [ParOldGen: 4029K->4029K(4096K)] 5052K->4924K(5632K), [Metaspace: 20881K->20881K(1069056K)], 0.0792045 secs] [Times: user=0.05 sys=0.00, real=0.08 secs] 
25.590: [Full GC (Ergonomics) [PSYoungGen: 1024K->889K(1536K)] [ParOldGen: 4029K->4029K(4096K)] 5053K->4918K(5632K), [Metaspace: 20882K->20882K(1069056K)], 0.0864832 secs] [Times: user=0.14 sys=0.00, real=0.09 secs] 
25.680: [Full GC (Ergonomics) [PSYoungGen: 1008K->930K(1536K)] [ParOldGen: 4029K->4029K(4096K)] 5037K->4959K(5632K), [Metaspace: 20882K->20882K(1069056K)], 0.0577298 secs] [Times: user=0.06 sys=0.00, real=0.06 secs] 
25.739: [Full GC (Ergonomics) [PSYoungGen: 1020K->981K(1536K)] [ParOldGen: 4029K->4029K(4096K)] 5049K->5011K(5632K), [Metaspace: 20882K->20882K(1069056K)], 0.0361095 secs] [Times: user=0.00 sys=0.00, real=0.04 secs] 
25.776: [Full GC (Ergonomics) [PSYoungGen: 1024K->938K(1536K)] [ParOldGen: 4029K->4029K(4096K)] 5053K->4967K(5632K), [Metaspace: 20882K->20882K(1069056K)], 0.0288716 secs] [Times: user=0.03 sys=0.00, real=0.03 secs] 
25.807: [Full GC (Ergonomics) [PSYoungGen: 1024K->923K(1536K)] [ParOldGen: 4029K->4029K(4096K)] 5053K->4952K(5632K), [Metaspace: 20882K->20882K(1069056K)], 0.0449351 secs] [Times: user=0.03 sys=0.00, real=0.05 secs] 
25.854: [Full GC (Ergonomics) [PSYoungGen: 1023K->940K(1536K)] [ParOldGen: 4029K->4029K(4096K)] 5052K->4969K(5632K), [Metaspace: 20882K->20882K(1069056K)], 0.0262506 secs] [Times: user=0.13 sys=0.00, real=0.03 secs] 
25.883: [Full GC (Ergonomics) [PSYoungGen: 1024K->930K(1536K)] [ParOldGen: 4029K->4029K(4096K)] 5053K->4960K(5632K), [Metaspace: 20882K->20882K(1069056K)], 0.0318908 secs] [Times: user=0.03 sys=0.00, real=0.03 secs] 
25.916: [Full GC (Ergonomics) [PSYoungGen: 1019K->953K(1536K)] [ParOldGen: 4029K->4029K(4096K)] 5048K->4982K(5632K), [Metaspace: 20882K->20882K(1069056K)], 0.0405112 secs] [Times: user=0.02 sys=0.00, real=0.04 secs] 
25.957: [Full GC (Ergonomics) [PSYoungGen: 1011K->979K(1536K)] [ParOldGen: 4029K->4029K(4096K)] 5041K->5009K(5632K), [Metaspace: 20882K->20882K(1069056K)], 0.0474456 secs] [Times: user=0.01 sys=0.02, real=0.05 secs] 
26.005: [Full GC (Ergonomics) [PSYoungGen: 1015K->1013K(1536K)] [ParOldGen: 4029K->4029K(4096K)] 5045K->5043K(5632K), [Metaspace: 20882K->20882K(1069056K)], 0.0278073 secs] [Times: user=0.05 sys=0.02, real=0.03 secs] 
26.034: [Full GC (Ergonomics) [PSYoungGen: 1024K->945K(1536K)] [ParOldGen: 4053K->4052K(4096K)] 5077K->4998K(5632K), [Metaspace: 20882K->20882K(1069056K)], 0.0349848 secs] [Times: user=0.06 sys=0.00, real=0.04 secs] 
26.070: [Full GC (Ergonomics) [PSYoungGen: 1022K->951K(1536K)] [ParOldGen: 4052K->4035K(4096K)] 5075K->4987K(5632K), [Metaspace: 20882K->20882K(1069056K)], 0.0470579 secs] [Times: user=0.03 sys=0.00, real=0.05 secs] 
26.119: [Full GC (Ergonomics) [PSYoungGen: 1022K->953K(1536K)] [ParOldGen: 4035K->4035K(4096K)] 5058K->4989K(5632K), [Metaspace: 20882K->20882K(1069056K)], 0.0673575 secs] [Times: user=0.06 sys=0.00, real=0.07 secs] 
26.189: [Full GC (Ergonomics) [PSYoungGen: 1023K->941K(1536K)] [ParOldGen: 4035K->4035K(4096K)] 5059K->4976K(5632K), [Metaspace: 20882K->20870K(1069056K)], 0.0443979 secs] [Times: user=0.03 sys=0.00, real=0.04 secs] 
26.235: [Full GC (Ergonomics) [PSYoungGen: 1020K->969K(1536K)] [ParOldGen: 4035K->4035K(4096K)] 5055K->5004K(5632K), [Metaspace: 20870K->20870K(1069056K)], 0.0425097 secs] [Times: user=0.02 sys=0.00, real=0.04 secs] 
26.279: [Full GC (Ergonomics) [PSYoungGen: 1024K->948K(1536K)] [ParOldGen: 4035K->4035K(4096K)] 5059K->4983K(5632K), [Metaspace: 20870K->20870K(1069056K)], 0.0381551 secs] [Times: user=0.13 sys=0.00, real=0.04 secs] 
26.324: [Full GC (Ergonomics) [PSYoungGen: 1024K->953K(1536K)] [ParOldGen: 4035K->4035K(4096K)] 5059K->4989K(5632K), [Metaspace: 20874K->20874K(1069056K)], 0.0494920 secs] [Times: user=0.05 sys=0.00, real=0.05 secs] 
26.375: [Full GC (Ergonomics) [PSYoungGen: 1024K->959K(1536K)] [ParOldGen: 4035K->4035K(4096K)] 5059K->4995K(5632K), [Metaspace: 20877K->20877K(1069056K)], 0.0277085 secs] [Times: user=0.14 sys=0.00, real=0.03 secs] 
26.404: [Full GC (Ergonomics) [PSYoungGen: 1016K->972K(1536K)] [ParOldGen: 4035K->4035K(4096K)] 5052K->5008K(5632K), [Metaspace: 20877K->20877K(1069056K)], 0.0381973 secs] [Times: user=0.13 sys=0.00, real=0.04 secs] 
26.447: [Full GC (Ergonomics) [PSYoungGen: 1024K->962K(1536K)] [ParOldGen: 4035K->4035K(4096K)] 5059K->4998K(5632K), [Metaspace: 20898K->20898K(1069056K)], 0.0314080 secs] [Times: user=0.06 sys=0.01, real=0.03 secs] 
26.485: [Full GC (Ergonomics) [PSYoungGen: 1023K->954K(1536K)] [ParOldGen: 4035K->4035K(4096K)] 5059K->4989K(5632K), [Metaspace: 20925K->20925K(1069056K)], 0.0296762 secs] [Times: user=0.02 sys=0.00, real=0.03 secs] 
26.521: [Full GC (Ergonomics) [PSYoungGen: 1018K->961K(1536K)] [ParOldGen: 4035K->4035K(4096K)] 5053K->4996K(5632K), [Metaspace: 20950K->20950K(1069056K)], 0.0275538 secs] [Times: user=0.02 sys=0.01, real=0.03 secs] 
26.554: [Full GC (Ergonomics) [PSYoungGen: 1024K->962K(1536K)] [ParOldGen: 4035K->4035K(4096K)] 5059K->4997K(5632K), [Metaspace: 20982K->20982K(1069056K)], 0.0328477 secs] [Times: user=0.03 sys=0.00, real=0.03 secs] 
26.588: [Full GC (Ergonomics) [PSYoungGen: 1024K->962K(1536K)] [ParOldGen: 4035K->4035K(4096K)] 5059K->4997K(5632K), [Metaspace: 20982K->20982K(1069056K)], 0.0252822 secs] [Times: user=0.06 sys=0.00, real=0.03 secs] 
26.614: [Full GC (Ergonomics) [PSYoungGen: 1023K->962K(1536K)] [ParOldGen: 4035K->4035K(4096K)] 5059K->4998K(5632K), [Metaspace: 20982K->20982K(1069056K)], 0.0270848 secs] [Times: user=0.06 sys=0.00, real=0.03 secs] 
26.642: [Full GC (Ergonomics) [PSYoungGen: 1023K->962K(1536K)] [ParOldGen: 4035K->4035K(4096K)] 5059K->4998K(5632K), [Metaspace: 20982K->20982K(1069056K)], 0.0313409 secs] [Times: user=0.05 sys=0.02, real=0.03 secs] 
26.676: [Full GC (Ergonomics) [PSYoungGen: 1024K->978K(1536K)] [ParOldGen: 4035K->4035K(4096K)] 5059K->5013K(5632K), [Metaspace: 20983K->20983K(1069056K)], 0.0763216 secs] [Times: user=0.00 sys=0.02, real=0.08 secs] 
26.755: [Full GC (Ergonomics) [PSYoungGen: 1023K->985K(1536K)] [ParOldGen: 4035K->4035K(4096K)] 5058K->5021K(5632K), [Metaspace: 20983K->20983K(1069056K)], 0.0324717 secs] [Times: user=0.08 sys=0.00, real=0.03 secs] 
26.792: [Full GC (Ergonomics) [PSYoungGen: 1024K->984K(1536K)] [ParOldGen: 4035K->4035K(4096K)] 5059K->5020K(5632K), [Metaspace: 20991K->20991K(1069056K)], 0.0312899 secs] [Times: user=0.01 sys=0.00, real=0.03 secs] 
26.824: [Full GC (Ergonomics) [PSYoungGen: 1017K->989K(1536K)] [ParOldGen: 4035K->4035K(4096K)] 5052K->5025K(5632K), [Metaspace: 20991K->20991K(1069056K)], 0.0410296 secs] [Times: user=0.08 sys=0.02, real=0.04 secs] 
26.869: [Full GC (Ergonomics) [PSYoungGen: 1024K->990K(1536K)] [ParOldGen: 4035K->4035K(4096K)] 5059K->5026K(5632K), [Metaspace: 20998K->20998K(1069056K)], 0.0291826 secs] [Times: user=0.03 sys=0.00, real=0.03 secs] 
26.899: [Full GC (Ergonomics) [PSYoungGen: 1024K->986K(1536K)] [ParOldGen: 4035K->4035K(4096K)] 5059K->5021K(5632K), [Metaspace: 20999K->20999K(1069056K)], 0.0230717 secs] [Times: user=0.01 sys=0.03, real=0.02 secs] 
26.923: [Full GC (Ergonomics) [PSYoungGen: 1024K->986K(1536K)] [ParOldGen: 4035K->4035K(4096K)] 5059K->5021K(5632K), [Metaspace: 20999K->20999K(1069056K)], 0.0244049 secs] [Times: user=0.02 sys=0.00, real=0.03 secs] 
26.948: [Full GC (Ergonomics) [PSYoungGen: 1024K->986K(1536K)] [ParOldGen: 4035K->4035K(4096K)] 5059K->5021K(5632K), [Metaspace: 20999K->20999K(1069056K)], 0.0251642 secs] [Times: user=0.09 sys=0.01, real=0.02 secs] 
26.973: [Full GC (Ergonomics) [PSYoungGen: 1024K->986K(1536K)] [ParOldGen: 4035K->4035K(4096K)] 5059K->5021K(5632K), [Metaspace: 20999K->20999K(1069056K)], 0.0230600 secs] [Times: user=0.01 sys=0.00, real=0.02 secs] 
26.997: [Full GC (Ergonomics) [PSYoungGen: 1024K->986K(1536K)] [ParOldGen: 4035K->4035K(4096K)] 5059K->5022K(5632K), [Metaspace: 20999K->20999K(1069056K)], 0.0252656 secs] [Times: user=0.06 sys=0.00, real=0.03 secs] 
27.023: [Full GC (Ergonomics) [PSYoungGen: 1024K->986K(1536K)] [ParOldGen: 4035K->4035K(4096K)] 5059K->5021K(5632K), [Metaspace: 20999K->20999K(1069056K)], 0.0232095 secs] [Times: user=0.02 sys=0.00, real=0.02 secs] 
27.047: [Full GC (Ergonomics) [PSYoungGen: 1024K->986K(1536K)] [ParOldGen: 4035K->4035K(4096K)] 5059K->5021K(5632K), [Metaspace: 20999K->20999K(1069056K)], 0.0229265 secs] [Times: user=0.05 sys=0.02, real=0.02 secs] 
27.071: [Full GC (Ergonomics) [PSYoungGen: 1024K->987K(1536K)] [ParOldGen: 4035K->4035K(4096K)] 5059K->5023K(5632K), [Metaspace: 20999K->20999K(1069056K)], 0.0222621 secs] [Times: user=0.02 sys=0.00, real=0.02 secs] 
27.094: [Full GC (Ergonomics) [PSYoungGen: 1024K->986K(1536K)] [ParOldGen: 4035K->4035K(4096K)] 5059K->5022K(5632K), [Metaspace: 20999K->20999K(1069056K)], 0.0232096 secs] [Times: user=0.08 sys=0.00, real=0.02 secs] 
27.117: [Full GC (Ergonomics) [PSYoungGen: 1024K->986K(1536K)] [ParOldGen: 4035K->4035K(4096K)] 5059K->5022K(5632K), [Metaspace: 20999K->20999K(1069056K)], 0.0225047 secs] [Times: user=0.02 sys=0.01, real=0.02 secs] 
27.141: [Full GC (Ergonomics) [PSYoungGen: 1024K->988K(1536K)] [ParOldGen: 4035K->4035K(4096K)] 5059K->5023K(5632K), [Metaspace: 20999K->20999K(1069056K)], 0.0233263 secs] [Times: user=0.02 sys=0.00, real=0.02 secs] 
27.165: [Full GC (Ergonomics) [PSYoungGen: 1024K->987K(1536K)] [ParOldGen: 4035K->4035K(4096K)] 5059K->5022K(5632K), [Metaspace: 20999K->20999K(1069056K)], 0.0222467 secs] [Times: user=0.02 sys=0.00, real=0.02 secs] 
27.187: [Full GC (Ergonomics) [PSYoungGen: 1024K->987K(1536K)] [ParOldGen: 4035K->4035K(4096K)] 5059K->5023K(5632K), [Metaspace: 20999K->20999K(1069056K)], 0.0235965 secs] [Times: user=0.02 sys=0.00, real=0.02 secs] 
27.212: [Full GC (Ergonomics) [PSYoungGen: 1024K->987K(1536K)] [ParOldGen: 4035K->4035K(4096K)] 5059K->5022K(5632K), [Metaspace: 20999K->20999K(1069056K)], 0.0297278 secs] [Times: user=0.03 sys=0.00, real=0.03 secs] 
27.242: [Full GC (Ergonomics) [PSYoungGen: 1024K->987K(1536K)] [ParOldGen: 4035K->4035K(4096K)] 5059K->5022K(5632K), [Metaspace: 20999K->20999K(1069056K)], 0.0261034 secs] [Times: user=0.09 sys=0.00, real=0.03 secs] 
27.269: [Full GC (Ergonomics) [PSYoungGen: 1024K->987K(1536K)] [ParOldGen: 4035K->4035K(4096K)] 5059K->5022K(5632K), [Metaspace: 20999K->20999K(1069056K)], 0.0284349 secs] [Times: user=0.02 sys=0.00, real=0.03 secs] 
27.299: [Full GC (Ergonomics) [PSYoungGen: 1024K->903K(1536K)] [ParOldGen: 4035K->4028K(4096K)] 5059K->4932K(5632K), [Metaspace: 20999K->20999K(1069056K)], 0.0260583 secs] [Times: user=0.01 sys=0.02, real=0.03 secs] 
27.326: [Full GC (Ergonomics) [PSYoungGen: 1024K->904K(1536K)] [ParOldGen: 4028K->4028K(4096K)] 5052K->4933K(5632K), [Metaspace: 20999K->20999K(1069056K)], 0.0272722 secs] [Times: user=0.08 sys=0.00, real=0.03 secs] 
27.356: [Full GC (Ergonomics) [PSYoungGen: 1024K->904K(1536K)] [ParOldGen: 4028K->4028K(4096K)] 5052K->4933K(5632K), [Metaspace: 20999K->20999K(1069056K)], 0.0312788 secs] [Times: user=0.06 sys=0.00, real=0.03 secs] 
27.388: [Full GC (Ergonomics) [PSYoungGen: 1024K->905K(1536K)] [ParOldGen: 4028K->4028K(4096K)] 5052K->4934K(5632K), [Metaspace: 20999K->20999K(1069056K)], 0.0253772 secs] [Times: user=0.09 sys=0.00, real=0.02 secs] 
27.415: [Full GC (Ergonomics) [PSYoungGen: 1024K->905K(1536K)] [ParOldGen: 4028K->4028K(4096K)] 5052K->4934K(5632K), [Metaspace: 20999K->20999K(1069056K)], 0.0250428 secs] [Times: user=0.08 sys=0.02, real=0.03 secs] 
27.442: [Full GC (Ergonomics) [PSYoungGen: 1024K->905K(1536K)] [ParOldGen: 4028K->4028K(4096K)] 5052K->4934K(5632K), [Metaspace: 20999K->20999K(1069056K)], 0.0237432 secs] [Times: user=0.02 sys=0.00, real=0.02 secs] 
27.467: [Full GC (Ergonomics) [PSYoungGen: 1024K->905K(1536K)] [ParOldGen: 4028K->4028K(4096K)] 5052K->4934K(5632K), [Metaspace: 20999K->20999K(1069056K)], 0.0236908 secs] [Times: user=0.14 sys=0.02, real=0.02 secs] 
27.493: [Full GC (Ergonomics) [PSYoungGen: 1024K->905K(1536K)] [ParOldGen: 4028K->4028K(4096K)] 5052K->4934K(5632K), [Metaspace: 20999K->20999K(1069056K)], 0.0256687 secs] [Times: user=0.09 sys=0.00, real=0.03 secs] 
27.520: [Full GC (Ergonomics) [PSYoungGen: 1024K->904K(1536K)] [ParOldGen: 4028K->4028K(4096K)] 5052K->4933K(5632K), [Metaspace: 20999K->20999K(1069056K)], 0.0239804 secs] [Times: user=0.02 sys=0.00, real=0.02 secs] 
27.546: [Full GC (Ergonomics) [PSYoungGen: 1024K->905K(1536K)] [ParOldGen: 4028K->4028K(4096K)] 5052K->4934K(5632K), [Metaspace: 20999K->20999K(1069056K)], 0.0223878 secs] [Times: user=0.14 sys=0.00, real=0.02 secs] 
27.571: [Full GC (Ergonomics) [PSYoungGen: 1024K->905K(1536K)] [ParOldGen: 4028K->4028K(4096K)] 5052K->4934K(5632K), [Metaspace: 20999K->20999K(1069056K)], 0.0233660 secs] [Times: user=0.03 sys=0.00, real=0.02 secs] 
27.600: [Full GC (Ergonomics) [PSYoungGen: 1024K->917K(1536K)] [ParOldGen: 4028K->4028K(4096K)] 5052K->4946K(5632K), [Metaspace: 21009K->21009K(1069056K)], 0.0232514 secs] [Times: user=0.02 sys=0.02, real=0.02 secs] 
27.628: [Full GC (Ergonomics) [PSYoungGen: 1024K->923K(1536K)] [ParOldGen: 4028K->4028K(4096K)] 5052K->4952K(5632K), [Metaspace: 21020K->21020K(1069056K)], 0.0232495 secs] [Times: user=0.02 sys=0.00, real=0.02 secs] 
27.652: [Full GC (Ergonomics) [PSYoungGen: 1005K->959K(1536K)] [ParOldGen: 4028K->4028K(4096K)] 5034K->4988K(5632K), [Metaspace: 21020K->21020K(1069056K)], 0.0230553 secs] [Times: user=0.06 sys=0.02, real=0.02 secs] 
27.676: [Full GC (Ergonomics) [PSYoungGen: 1024K->943K(1536K)] [ParOldGen: 4028K->4028K(4096K)] 5052K->4972K(5632K), [Metaspace: 21032K->21032K(1069056K)], 0.0298626 secs] [Times: user=0.06 sys=0.00, real=0.03 secs] 
27.708: [Full GC (Ergonomics) [PSYoungGen: 1024K->927K(1536K)] [ParOldGen: 4028K->4028K(4096K)] 5052K->4956K(5632K), [Metaspace: 21039K->21039K(1069056K)], 0.0260613 secs] [Times: user=0.02 sys=0.01, real=0.03 secs] 
27.739: [Full GC (Ergonomics) [PSYoungGen: 1024K->930K(1536K)] [ParOldGen: 4028K->4028K(4096K)] 5052K->4959K(5632K), [Metaspace: 21047K->21047K(1069056K)], 0.0245112 secs] [Times: user=0.02 sys=0.00, real=0.02 secs] 
27.769: [Full GC (Ergonomics) [PSYoungGen: 1023K->935K(1536K)] [ParOldGen: 4028K->4028K(4096K)] 5052K->4964K(5632K), [Metaspace: 21056K->21056K(1069056K)], 0.0258101 secs] [Times: user=0.02 sys=0.00, real=0.03 secs] 
27.799: [Full GC (Ergonomics) [PSYoungGen: 1023K->943K(1536K)] [ParOldGen: 4028K->4028K(4096K)] 5052K->4972K(5632K), [Metaspace: 21058K->21058K(1069056K)], 0.0333168 secs] [Times: user=0.03 sys=0.02, real=0.03 secs] 
27.837: [Full GC (Ergonomics) [PSYoungGen: 1018K->941K(1536K)] [ParOldGen: 4028K->4028K(4096K)] 5047K->4970K(5632K), [Metaspace: 21065K->21065K(1069056K)], 0.0278967 secs] [Times: user=0.09 sys=0.00, real=0.03 secs] 
27.866: [Full GC (Ergonomics) [PSYoungGen: 1022K->991K(1536K)] [ParOldGen: 4028K->4028K(4096K)] 5051K->5020K(5632K), [Metaspace: 21065K->21065K(1069056K)], 0.0354339 secs] [Times: user=0.08 sys=0.01, real=0.04 secs] 
27.902: [Full GC (Ergonomics) [PSYoungGen: 1020K->991K(1536K)] [ParOldGen: 4028K->4028K(4096K)] 5049K->5020K(5632K), [Metaspace: 21065K->21065K(1069056K)], 0.0281794 secs] [Times: user=0.09 sys=0.00, real=0.03 secs] 
27.935: [Full GC (Ergonomics) [PSYoungGen: 1024K->966K(1536K)] [ParOldGen: 4028K->4028K(4096K)] 5052K->4994K(5632K), [Metaspace: 21092K->21092K(1069056K)], 0.0217977 secs] [Times: user=0.19 sys=0.00, real=0.02 secs] 
27.962: [Full GC (Ergonomics) [PSYoungGen: 1023K->943K(1536K)] [ParOldGen: 4028K->4028K(4096K)] 5052K->4972K(5632K), [Metaspace: 21095K->21095K(1069056K)], 0.0269884 secs] [Times: user=0.11 sys=0.00, real=0.03 secs] 
27.990: [Full GC (Ergonomics) [PSYoungGen: 1005K->990K(1536K)] [ParOldGen: 4028K->4028K(4096K)] 5034K->5019K(5632K), [Metaspace: 21095K->21095K(1069056K)], 0.0245381 secs] [Times: user=0.02 sys=0.00, real=0.02 secs] 
28.015: [Full GC (Ergonomics) [PSYoungGen: 1023K->1006K(1536K)] [ParOldGen: 4028K->4028K(4096K)] 5052K->5035K(5632K), [Metaspace: 21095K->21095K(1069056K)], 0.0257291 secs] [Times: user=0.06 sys=0.00, real=0.03 secs] 
28.041: [Full GC (Ergonomics) [PSYoungGen: 1008K->976K(1536K)] [ParOldGen: 4092K->4060K(4096K)] 5101K->5037K(5632K), [Metaspace: 21095K->21095K(1069056K)], 0.0256169 secs] [Times: user=0.06 sys=0.00, real=0.03 secs] 
28.067: [Full GC (Ergonomics) [PSYoungGen: 1024K->991K(1536K)] [ParOldGen: 4060K->4060K(4096K)] 5084K->5052K(5632K), [Metaspace: 21115K->21115K(1069056K)], 0.0252492 secs] [Times: user=0.01 sys=0.00, real=0.03 secs] 
28.096: [Full GC (Ergonomics) [PSYoungGen: 1024K->996K(1536K)] [ParOldGen: 4060K->4028K(4096K)] 5084K->5024K(5632K), [Metaspace: 21121K->21121K(1069056K)], 0.0275734 secs] [Times: user=0.02 sys=0.00, real=0.03 secs] 
28.131: [Full GC (Ergonomics) [PSYoungGen: 1024K->970K(1536K)] [ParOldGen: 4028K->4027K(4096K)] 5052K->4998K(5632K), [Metaspace: 21124K->21124K(1069056K)], 0.0355217 secs] [Times: user=0.08 sys=0.00, real=0.04 secs] 
28.167: [Full GC (Ergonomics) [PSYoungGen: 1023K->971K(1536K)] [ParOldGen: 4027K->4027K(4096K)] 5051K->4999K(5632K), [Metaspace: 21124K->21124K(1069056K)], 0.0233332 secs] [Times: user=0.11 sys=0.00, real=0.02 secs] 
28.191: [Full GC (Ergonomics) [PSYoungGen: 1024K->980K(1536K)] [ParOldGen: 4027K->4027K(4096K)] 5051K->5007K(5632K), [Metaspace: 21129K->21129K(1069056K)], 0.0226591 secs] [Times: user=0.01 sys=0.00, real=0.02 secs] 
28.217: [Full GC (Ergonomics) [PSYoungGen: 1024K->979K(1536K)] [ParOldGen: 4027K->4027K(4096K)] 5051K->5007K(5632K), [Metaspace: 21131K->21131K(1069056K)], 0.0233021 secs] [Times: user=0.09 sys=0.00, real=0.02 secs] 
28.241: [Full GC (Ergonomics) [PSYoungGen: 1023K->979K(1536K)] [ParOldGen: 4027K->4027K(4096K)] 5051K->5007K(5632K), [Metaspace: 21132K->21132K(1069056K)], 0.0265385 secs] [Times: user=0.08 sys=0.00, real=0.03 secs] 
28.274: [Full GC (Ergonomics) [PSYoungGen: 1024K->979K(1536K)] [ParOldGen: 4027K->4027K(4096K)] 5051K->5007K(5632K), [Metaspace: 21138K->21138K(1069056K)], 0.0268919 secs] [Times: user=0.08 sys=0.00, real=0.03 secs] 
28.302: [Full GC (Ergonomics) [PSYoungGen: 1024K->988K(1536K)] [ParOldGen: 4027K->4027K(4096K)] 5051K->5016K(5632K), [Metaspace: 21138K->21138K(1069056K)], 0.0244421 secs] [Times: user=0.02 sys=0.00, real=0.03 secs] 
28.327: [Full GC (Ergonomics) [PSYoungGen: 1024K->993K(1536K)] [ParOldGen: 4027K->4027K(4096K)] 5051K->5021K(5632K), [Metaspace: 21143K->21143K(1069056K)], 0.0277416 secs] [Times: user=0.06 sys=0.00, real=0.03 secs] 
28.359: [Full GC (Ergonomics) [PSYoungGen: 1023K->989K(1536K)] [ParOldGen: 4027K->4027K(4096K)] 5051K->5017K(5632K), [Metaspace: 21148K->21148K(1069056K)], 0.0270498 secs] [Times: user=0.08 sys=0.00, real=0.03 secs] 
28.387: [Full GC (Ergonomics) [PSYoungGen: 1024K->983K(1536K)] [ParOldGen: 4027K->4027K(4096K)] 5051K->5011K(5632K), [Metaspace: 21148K->21148K(1069056K)], 0.0338702 secs] [Times: user=0.03 sys=0.00, real=0.03 secs] 
28.424: [Full GC (Ergonomics) [PSYoungGen: 1024K->986K(1536K)] [ParOldGen: 4027K->4027K(4096K)] 5051K->5014K(5632K), [Metaspace: 21151K->21151K(1069056K)], 0.0254041 secs] [Times: user=0.01 sys=0.00, real=0.03 secs] 
28.451: [Full GC (Ergonomics) [PSYoungGen: 1024K->995K(1536K)] [ParOldGen: 4027K->4027K(4096K)] 5051K->5023K(5632K), [Metaspace: 21151K->21151K(1069056K)], 0.0408048 secs] [Times: user=0.13 sys=0.00, real=0.04 secs] 
28.493: [Full GC (Ergonomics) [PSYoungGen: 1024K->995K(1536K)] [ParOldGen: 4027K->4027K(4096K)] 5051K->5023K(5632K), [Metaspace: 21151K->21151K(1069056K)], 0.0298153 secs] [Times: user=0.03 sys=0.00, real=0.03 secs] 
28.529: [Full GC (Ergonomics) [PSYoungGen: 1024K->997K(1536K)] [ParOldGen: 4027K->4027K(4096K)] 5051K->5025K(5632K), [Metaspace: 21155K->21155K(1069056K)], 0.0311383 secs] [Times: user=0.06 sys=0.00, real=0.03 secs] 
28.561: [Full GC (Ergonomics) [PSYoungGen: 1024K->997K(1536K)] [ParOldGen: 4027K->4027K(4096K)] 5051K->5025K(5632K), [Metaspace: 21155K->21155K(1069056K)], 0.0293995 secs] [Times: user=0.08 sys=0.00, real=0.03 secs] 
28.591: [Full GC (Ergonomics) [PSYoungGen: 1024K->999K(1536K)] [ParOldGen: 4027K->4027K(4096K)] 5051K->5027K(5632K), [Metaspace: 21155K->21155K(1069056K)], 0.0308174 secs] [Times: user=0.11 sys=0.00, real=0.03 secs] 
28.623: [Full GC (Ergonomics) [PSYoungGen: 1016K->1001K(1536K)] [ParOldGen: 4027K->4027K(4096K)] 5044K->5029K(5632K), [Metaspace: 21155K->21155K(1069056K)], 0.0253501 secs] [Times: user=0.13 sys=0.00, real=0.03 secs] 
28.648: [Full GC (Ergonomics) [PSYoungGen: 1018K->1013K(1536K)] [ParOldGen: 4027K->4027K(4096K)] 5046K->5041K(5632K), [Metaspace: 21155K->21155K(1069056K)], 0.0272291 secs] [Times: user=0.09 sys=0.00, real=0.03 secs] 
28.676: [Full GC (Ergonomics) [PSYoungGen: 1024K->1017K(1536K)] [ParOldGen: 4027K->4027K(4096K)] 5051K->5045K(5632K), [Metaspace: 21155K->21155K(1069056K)], 0.0250819 secs] [Times: user=0.02 sys=0.00, real=0.03 secs] 
28.707: [Full GC (Ergonomics) [PSYoungGen: 1024K->1005K(1536K)] [ParOldGen: 4065K->4029K(4096K)] 5089K->5034K(5632K), [Metaspace: 21169K->21169K(1069056K)], 0.0242266 secs] [Times: user=0.02 sys=0.00, real=0.02 secs] 
28.731: [Full GC (Ergonomics) [PSYoungGen: 1024K->994K(1536K)] [ParOldGen: 4029K->4028K(4096K)] 5053K->5023K(5632K), [Metaspace: 21169K->21169K(1069056K)], 0.0238477 secs] [Times: user=0.09 sys=0.00, real=0.02 secs] 
28.756: [Full GC (Ergonomics) [PSYoungGen: 1019K->1008K(1536K)] [ParOldGen: 4028K->4028K(4096K)] 5048K->5037K(5632K), [Metaspace: 21169K->21169K(1069056K)], 0.0224811 secs] [Times: user=0.01 sys=0.00, real=0.02 secs] 
28.779: [Full GC (Ergonomics) [PSYoungGen: 1017K->1012K(1536K)] [ParOldGen: 4028K->4028K(4096K)] 5046K->5041K(5632K), [Metaspace: 21169K->21169K(1069056K)], 0.0252016 secs] [Times: user=0.08 sys=0.00, real=0.03 secs] 
28.804: [Full GC (Ergonomics) [PSYoungGen: 1023K->1011K(1536K)] [ParOldGen: 4028K->4028K(4096K)] 5052K->5040K(5632K), [Metaspace: 21169K->21169K(1069056K)], 0.0248189 secs] [Times: user=0.05 sys=0.00, real=0.02 secs] 
28.830: [Full GC (Ergonomics) [PSYoungGen: 1023K->1004K(1536K)] [ParOldGen: 4028K->4028K(4096K)] 5052K->5033K(5632K), [Metaspace: 21169K->21169K(1069056K)], 0.0231775 secs] [Times: user=0.02 sys=0.00, real=0.02 secs] 
28.858: [Full GC (Ergonomics) [PSYoungGen: 1024K->994K(1536K)] [ParOldGen: 4028K->4028K(4096K)] 5052K->5023K(5632K), [Metaspace: 21176K->21176K(1069056K)], 0.0251324 secs] [Times: user=0.13 sys=0.00, real=0.03 secs] 
28.884: [Full GC (Ergonomics) [PSYoungGen: 1024K->987K(1536K)] [ParOldGen: 4028K->4028K(4096K)] 5052K->5016K(5632K), [Metaspace: 21176K->21176K(1069056K)], 0.0235221 secs] [Times: user=0.08 sys=0.00, real=0.02 secs] 
28.908: [Full GC (Ergonomics) [PSYoungGen: 1019K->1004K(1536K)] [ParOldGen: 4028K->4028K(4096K)] 5047K->5033K(5632K), [Metaspace: 21180K->21180K(1069056K)], 0.0258297 secs] [Times: user=0.02 sys=0.00, real=0.03 secs] 
28.934: [Full GC (Ergonomics) [PSYoungGen: 1023K->1006K(1536K)] [ParOldGen: 4028K->4028K(4096K)] 5052K->5035K(5632K), [Metaspace: 21180K->21180K(1069056K)], 0.0339284 secs] [Times: user=0.11 sys=0.00, real=0.03 secs] 
28.972: [Full GC (Ergonomics) [PSYoungGen: 1024K->993K(1536K)] [ParOldGen: 4028K->4028K(4096K)] 5052K->5021K(5632K), [Metaspace: 21190K->21190K(1069056K)], 0.0282814 secs] [Times: user=0.02 sys=0.00, real=0.03 secs] 
29.000: [Full GC (Ergonomics) [PSYoungGen: 1024K->983K(1536K)] [ParOldGen: 4028K->4028K(4096K)] 5052K->5012K(5632K), [Metaspace: 21190K->21190K(1069056K)], 0.0311741 secs] [Times: user=0.02 sys=0.00, real=0.03 secs] 
29.032: [Full GC (Ergonomics) [PSYoungGen: 1024K->994K(1536K)] [ParOldGen: 4028K->4028K(4096K)] 5052K->5023K(5632K), [Metaspace: 21194K->21194K(1069056K)], 0.0287646 secs] [Times: user=0.02 sys=0.00, real=0.03 secs] 
29.069: [Full GC (Ergonomics) [PSYoungGen: 1024K->996K(1536K)] [ParOldGen: 4028K->4028K(4096K)] 5052K->5024K(5632K), [Metaspace: 21197K->21197K(1069056K)], 0.0304264 secs] [Times: user=0.03 sys=0.00, real=0.03 secs] 
29.099: [Full GC (Ergonomics) [PSYoungGen: 1024K->998K(1536K)] [ParOldGen: 4028K->4028K(4096K)] 5052K->5026K(5632K), [Metaspace: 21197K->21197K(1069056K)], 0.0253407 secs] [Times: user=0.02 sys=0.00, real=0.03 secs] 
29.131: [Full GC (Ergonomics) [PSYoungGen: 1024K->994K(1536K)] [ParOldGen: 4028K->4028K(4096K)] 5052K->5022K(5632K), [Metaspace: 21200K->21200K(1069056K)], 0.0286852 secs] [Times: user=0.08 sys=0.00, real=0.03 secs] 
29.161: [Full GC (Ergonomics) [PSYoungGen: 1024K->1007K(1536K)] [ParOldGen: 4028K->4028K(4096K)] 5052K->5036K(5632K), [Metaspace: 21200K->21200K(1069056K)], 0.0238192 secs] [Times: user=0.02 sys=0.00, real=0.02 secs] 
29.186: [Full GC (Ergonomics) [PSYoungGen: 1024K->1008K(1536K)] [ParOldGen: 4028K->4028K(4096K)] 5052K->5037K(5632K), [Metaspace: 21204K->21204K(1069056K)], 0.0332514 secs] [Times: user=0.11 sys=0.00, real=0.03 secs] 
29.221: [Full GC (Ergonomics) [PSYoungGen: 1024K->1008K(1536K)] [ParOldGen: 4028K->4028K(4096K)] 5052K->5037K(5632K), [Metaspace: 21204K->21204K(1069056K)], 0.0267332 secs] [Times: user=0.02 sys=0.00, real=0.03 secs] 
29.248: [Full GC (Ergonomics) [PSYoungGen: 1024K->1008K(1536K)] [ParOldGen: 4028K->4028K(4096K)] 5052K->5037K(5632K), [Metaspace: 21205K->21205K(1069056K)], 0.0278748 secs] [Times: user=0.14 sys=0.00, real=0.03 secs] 
29.277: [Full GC (Ergonomics) [PSYoungGen: 1024K->1006K(1536K)] [ParOldGen: 4028K->4028K(4096K)] 5052K->5035K(5632K), [Metaspace: 21205K->21205K(1069056K)], 0.0266926 secs] [Times: user=0.02 sys=0.03, real=0.03 secs] 
29.304: [Full GC (Ergonomics) [PSYoungGen: 1024K->1009K(1536K)] [ParOldGen: 4028K->4028K(4096K)] 5052K->5038K(5632K), [Metaspace: 21207K->21207K(1069056K)], 0.0270457 secs] [Times: user=0.05 sys=0.00, real=0.03 secs] 
29.333: [Full GC (Ergonomics) [PSYoungGen: 1024K->1012K(1536K)] [ParOldGen: 4028K->4028K(4096K)] 5052K->5041K(5632K), [Metaspace: 21207K->21207K(1069056K)], 0.0264625 secs] [Times: user=0.03 sys=0.00, real=0.03 secs] 
29.360: [Full GC (Ergonomics) [PSYoungGen: 1024K->1016K(1536K)] [ParOldGen: 4028K->4028K(4096K)] 5052K->5045K(5632K), [Metaspace: 21207K->21207K(1069056K)], 0.0248060 secs] [Times: user=0.02 sys=0.00, real=0.03 secs] 
29.385: [Full GC (Ergonomics) [PSYoungGen: 1024K->1017K(1536K)] [ParOldGen: 4028K->4028K(4096K)] 5052K->5046K(5632K), [Metaspace: 21207K->21207K(1069056K)], 0.0242490 secs] [Times: user=0.06 sys=0.00, real=0.02 secs] 
29.410: [Full GC (Ergonomics) [PSYoungGen: 1024K->1020K(1536K)] [ParOldGen: 4028K->4028K(4096K)] 5052K->5048K(5632K), [Metaspace: 21207K->21207K(1069056K)], 0.0251104 secs] [Times: user=0.02 sys=0.00, real=0.03 secs] 
29.435: [Full GC (Ergonomics) [PSYoungGen: 1024K->1022K(1536K)] [ParOldGen: 4028K->4028K(4096K)] 5052K->5050K(5632K), [Metaspace: 21207K->21207K(1069056K)], 0.0252174 secs] [Times: user=0.13 sys=0.00, real=0.03 secs] 
29.461: [Full GC (Ergonomics) [PSYoungGen: 1024K->963K(1536K)] [ParOldGen: 4028K->4028K(4096K)] 5052K->4991K(5632K), [Metaspace: 21207K->21177K(1069056K)], 0.0366242 secs] [Times: user=0.03 sys=0.00, real=0.04 secs] 
29.500: [Full GC (Ergonomics) [PSYoungGen: 1024K->966K(1536K)] [ParOldGen: 4028K->4028K(4096K)] 5052K->4995K(5632K), [Metaspace: 21178K->21174K(1069056K)], 0.0254008 secs] [Times: user=0.09 sys=0.00, real=0.02 secs] 
29.530: [Full GC (Ergonomics) [PSYoungGen: 1024K->966K(1536K)] [ParOldGen: 4028K->4028K(4096K)] 5052K->4994K(5632K), [Metaspace: 21180K->21180K(1069056K)], 0.0238507 secs] [Times: user=0.14 sys=0.00, real=0.02 secs] 
29.555: [Full GC (Ergonomics) [PSYoungGen: 1024K->966K(1536K)] [ParOldGen: 4028K->4028K(4096K)] 5052K->4994K(5632K), [Metaspace: 21182K->21182K(1069056K)], 0.0437839 secs] [Times: user=0.05 sys=0.00, real=0.04 secs] 
29.604: [Full GC (Ergonomics) [PSYoungGen: 1024K->969K(1536K)] [ParOldGen: 4028K->4028K(4096K)] 5052K->4997K(5632K), [Metaspace: 21186K->21182K(1069056K)], 0.0275303 secs] [Times: user=0.03 sys=0.00, real=0.03 secs] 
29.636: [Full GC (Ergonomics) [PSYoungGen: 1023K->969K(1536K)] [ParOldGen: 4028K->4028K(4096K)] 5052K->4998K(5632K), [Metaspace: 21186K->21186K(1069056K)], 0.0230247 secs] [Times: user=0.09 sys=0.00, real=0.02 secs] 
29.659: [Full GC (Ergonomics) [PSYoungGen: 1019K->968K(1536K)] [ParOldGen: 4028K->4028K(4096K)] 5047K->4996K(5632K), [Metaspace: 21186K->21186K(1069056K)], 0.0241996 secs] [Times: user=0.02 sys=0.00, real=0.02 secs] 
29.685: [Full GC (Ergonomics) [PSYoungGen: 1021K->988K(1536K)] [ParOldGen: 4028K->4028K(4096K)] 5050K->5016K(5632K), [Metaspace: 21189K->21189K(1069056K)], 0.0252110 secs] [Times: user=0.11 sys=0.00, real=0.02 secs] 
29.715: [Full GC (Ergonomics) [PSYoungGen: 1024K->977K(1536K)] [ParOldGen: 4028K->4028K(4096K)] 5052K->5005K(5632K), [Metaspace: 21196K->21196K(1069056K)], 0.0335952 secs] [Times: user=0.03 sys=0.02, real=0.03 secs] 
29.753: [Full GC (Ergonomics) [PSYoungGen: 1024K->974K(1536K)] [ParOldGen: 4028K->4028K(4096K)] 5052K->5002K(5632K), [Metaspace: 21202K->21202K(1069056K)], 0.0293588 secs] [Times: user=0.06 sys=0.00, real=0.03 secs] 
29.786: [Full GC (Ergonomics) [PSYoungGen: 1023K->971K(1536K)] [ParOldGen: 4028K->4028K(4096K)] 5052K->4999K(5632K), [Metaspace: 21207K->21207K(1069056K)], 0.0238798 secs] [Times: user=0.02 sys=0.00, real=0.02 secs] 
29.810: [Full GC (Ergonomics) [PSYoungGen: 1019K->973K(1536K)] [ParOldGen: 4028K->4028K(4096K)] 5047K->5002K(5632K), [Metaspace: 21207K->21207K(1069056K)], 0.0263245 secs] [Times: user=0.09 sys=0.00, real=0.03 secs] 
29.838: [Full GC (Ergonomics) [PSYoungGen: 1024K->986K(1536K)] [ParOldGen: 4028K->4028K(4096K)] 5052K->5015K(5632K), [Metaspace: 21209K->21209K(1069056K)], 0.0273031 secs] [Times: user=0.03 sys=0.00, real=0.03 secs] 
29.872: [Full GC (Ergonomics) [PSYoungGen: 1024K->992K(1536K)] [ParOldGen: 4028K->4028K(4096K)] 5052K->5020K(5632K), [Metaspace: 21215K->21215K(1069056K)], 0.0281915 secs] [Times: user=0.06 sys=0.00, real=0.03 secs] 
29.902: [Full GC (Ergonomics) [PSYoungGen: 1024K->987K(1536K)] [ParOldGen: 4028K->4028K(4096K)] 5052K->5015K(5632K), [Metaspace: 21216K->21216K(1069056K)], 0.0251295 secs] [Times: user=0.01 sys=0.00, real=0.02 secs] 
29.933: [Full GC (Ergonomics) [PSYoungGen: 1024K->981K(1536K)] [ParOldGen: 4028K->4028K(4096K)] 5052K->5009K(5632K), [Metaspace: 21220K->21216K(1069056K)], 0.0252100 secs] [Times: user=0.11 sys=0.00, real=0.03 secs] 
29.959: [Full GC (Ergonomics) [PSYoungGen: 1024K->992K(1536K)] [ParOldGen: 4028K->4028K(4096K)] 5052K->5020K(5632K), [Metaspace: 21216K->21216K(1069056K)], 0.0258579 secs] [Times: user=0.08 sys=0.00, real=0.03 secs] 
29.987: [Full GC (Ergonomics) [PSYoungGen: 1024K->991K(1536K)] [ParOldGen: 4028K->4028K(4096K)] 5052K->5019K(5632K), [Metaspace: 21220K->21220K(1069056K)], 0.0283179 secs] [Times: user=0.02 sys=0.00, real=0.03 secs] 
30.016: [Full GC (Ergonomics) [PSYoungGen: 1023K->992K(1536K)] [ParOldGen: 4028K->4028K(4096K)] 5051K->5021K(5632K), [Metaspace: 21221K->21221K(1069056K)], 0.0242642 secs] [Times: user=0.01 sys=0.00, real=0.02 secs] 
30.044: [Full GC (Ergonomics) [PSYoungGen: 1024K->988K(1536K)] [ParOldGen: 4028K->4028K(4096K)] 5052K->5016K(5632K), [Metaspace: 21224K->21224K(1069056K)], 0.0303960 secs] [Times: user=0.11 sys=0.00, real=0.03 secs] 
30.075: [Full GC (Ergonomics) [PSYoungGen: 1024K->984K(1536K)] [ParOldGen: 4028K->4028K(4096K)] 5052K->5013K(5632K), [Metaspace: 21224K->21224K(1069056K)], 0.0330977 secs] [Times: user=0.06 sys=0.00, real=0.03 secs] 
30.109: [Full GC (Ergonomics) [PSYoungGen: 1024K->987K(1536K)] [ParOldGen: 4028K->4028K(4096K)] 5052K->5016K(5632K), [Metaspace: 21224K->21224K(1069056K)], 0.0282155 secs] [Times: user=0.08 sys=0.00, real=0.03 secs] 
30.138: [Full GC (Ergonomics) [PSYoungGen: 1024K->984K(1536K)] [ParOldGen: 4028K->4028K(4096K)] 5052K->5012K(5632K), [Metaspace: 21225K->21221K(1069056K)], 0.0348223 secs] [Times: user=0.11 sys=0.00, real=0.03 secs] 
30.175: [Full GC (Ergonomics) [PSYoungGen: 1024K->990K(1536K)] [ParOldGen: 4028K->4028K(4096K)] 5052K->5018K(5632K), [Metaspace: 21225K->21225K(1069056K)], 0.0269958 secs] [Times: user=0.01 sys=0.00, real=0.03 secs] 
30.203: [Full GC (Ergonomics) [PSYoungGen: 1024K->991K(1536K)] [ParOldGen: 4028K->4028K(4096K)] 5052K->5020K(5632K), [Metaspace: 21225K->21225K(1069056K)], 0.0267727 secs] [Times: user=0.01 sys=0.00, real=0.03 secs] 
30.233: [Full GC (Ergonomics) [PSYoungGen: 1024K->990K(1536K)] [ParOldGen: 4028K->4028K(4096K)] 5052K->5018K(5632K), [Metaspace: 21225K->21225K(1069056K)], 0.0335902 secs] [Times: user=0.06 sys=0.00, real=0.03 secs] 
30.267: [Full GC (Ergonomics) [PSYoungGen: 1024K->989K(1536K)] [ParOldGen: 4028K->4028K(4096K)] 5052K->5017K(5632K), [Metaspace: 21225K->21225K(1069056K)], 0.0307166 secs] [Times: user=0.05 sys=0.00, real=0.03 secs] 
30.299: [Full GC (Ergonomics) [PSYoungGen: 1024K->991K(1536K)] [ParOldGen: 4028K->4028K(4096K)] 5052K->5019K(5632K), [Metaspace: 21225K->21221K(1069056K)], 0.0380006 secs] [Times: user=0.01 sys=0.00, real=0.04 secs] 
30.338: [Full GC (Ergonomics) [PSYoungGen: 1021K->1010K(1536K)] [ParOldGen: 4028K->4028K(4096K)] 5050K->5038K(5632K), [Metaspace: 21221K->21221K(1069056K)], 0.0396205 secs] [Times: user=0.05 sys=0.00, real=0.04 secs] 
30.379: [Full GC (Ergonomics) [PSYoungGen: 1024K->1017K(1536K)] [ParOldGen: 4028K->4028K(4096K)] 5052K->5045K(5632K), [Metaspace: 21221K->21221K(1069056K)], 0.0357701 secs] [Times: user=0.09 sys=0.00, real=0.04 secs] 
30.415: [Full GC (Ergonomics) [PSYoungGen: 1023K->1001K(1536K)] [ParOldGen: 4028K->4028K(4096K)] 5052K->5029K(5632K), [Metaspace: 21221K->21221K(1069056K)], 0.0247771 secs] [Times: user=0.06 sys=0.00, real=0.02 secs] 
30.440: [Full GC (Ergonomics) [PSYoungGen: 1024K->1004K(1536K)] [ParOldGen: 4028K->4028K(4096K)] 5052K->5032K(5632K), [Metaspace: 21225K->21225K(1069056K)], 0.0457214 secs] [Times: user=0.01 sys=0.00, real=0.05 secs] 
30.487: [Full GC (Ergonomics) [PSYoungGen: 1020K->1001K(1536K)] [ParOldGen: 4028K->4028K(4096K)] 5049K->5029K(5632K), [Metaspace: 21225K->21225K(1069056K)], 0.0527889 secs] [Times: user=0.08 sys=0.00, real=0.05 secs] 
30.540: [Full GC (Ergonomics) [PSYoungGen: 1017K->1015K(1536K)] [ParOldGen: 4028K->4028K(4096K)] 5045K->5043K(5632K), [Metaspace: 21225K->21225K(1069056K)], 0.0472683 secs] [Times: user=0.02 sys=0.00, real=0.05 secs] 
30.589: [Full GC (Ergonomics) [PSYoungGen: 1023K->1023K(1536K)] [ParOldGen: 4028K->4028K(4096K)] 5051K->5051K(5632K), [Metaspace: 21225K->21225K(1069056K)], 0.0453312 secs] [Times: user=0.06 sys=0.00, real=0.04 secs] 
30.635: [Full GC (Ergonomics) [PSYoungGen: 1024K->1021K(1536K)] [ParOldGen: 4092K->4064K(4096K)] 5116K->5086K(5632K), [Metaspace: 21225K->21225K(1069056K)], 0.0716943 secs] [Times: user=0.03 sys=0.00, real=0.07 secs] 
30.707: [Full GC (Allocation Failure) [PSYoungGen: 1021K->1021K(1536K)] [ParOldGen: 4064K->4064K(4096K)] 5086K->5086K(5632K), [Metaspace: 21225K->21225K(1069056K)], 0.0378184 secs] [Times: user=0.02 sys=0.00, real=0.04 secs] 
30.746: [Full GC (Ergonomics) [PSYoungGen: 1024K->998K(1536K)] [ParOldGen: 4065K->4026K(4096K)] 5089K->5025K(5632K), [Metaspace: 21225K->21225K(1069056K)], 0.0514150 secs] [Times: user=0.06 sys=0.02, real=0.05 secs] 
30.800: [Full GC (Ergonomics) [PSYoungGen: 1024K->998K(1536K)] [ParOldGen: 4026K->4026K(4096K)] 5050K->5025K(5632K), [Metaspace: 21225K->21225K(1069056K)], 0.0807428 secs] [Times: user=0.01 sys=0.00, real=0.08 secs] 
30.891: [Full GC (Ergonomics) [PSYoungGen: 1023K->987K(1536K)] [ParOldGen: 4026K->4026K(4096K)] 5050K->5013K(5632K), [Metaspace: 21231K->21231K(1069056K)], 0.0391667 secs] [Times: user=0.03 sys=0.00, real=0.04 secs] 
30.935: [Full GC (Ergonomics) [PSYoungGen: 1024K->992K(1536K)] [ParOldGen: 4026K->4026K(4096K)] 5050K->5018K(5632K), [Metaspace: 21232K->21232K(1069056K)], 0.0722837 secs] [Times: user=0.09 sys=0.00, real=0.07 secs] 
31.014: [Full GC (Ergonomics) [PSYoungGen: 1024K->987K(1536K)] [ParOldGen: 4026K->4026K(4096K)] 5050K->5014K(5632K), [Metaspace: 21243K->21243K(1069056K)], 0.0409873 secs] [Times: user=0.09 sys=0.00, real=0.04 secs] 
31.059: [Full GC (Ergonomics) [PSYoungGen: 1024K->997K(1536K)] [ParOldGen: 4026K->4026K(4096K)] 5050K->5023K(5632K), [Metaspace: 21249K->21245K(1069056K)], 0.0391514 secs] [Times: user=0.08 sys=0.00, real=0.04 secs] 
31.099: [Full GC (Ergonomics) [PSYoungGen: 1024K->995K(1536K)] [ParOldGen: 4026K->4026K(4096K)] 5050K->5021K(5632K), [Metaspace: 21246K->21246K(1069056K)], 0.0330386 secs] [Times: user=0.06 sys=0.00, real=0.03 secs] 
31.135: [Full GC (Ergonomics) [PSYoungGen: 1024K->978K(1536K)] [ParOldGen: 4026K->4026K(4096K)] 5050K->5004K(5632K), [Metaspace: 21246K->21246K(1069056K)], 0.1402562 secs] [Times: user=0.03 sys=0.00, real=0.14 secs] 
31.282: [Full GC (Ergonomics) [PSYoungGen: 1023K->926K(1536K)] [ParOldGen: 4026K->4026K(4096K)] 5049K->4952K(5632K), [Metaspace: 21251K->21217K(1069056K)], 0.0589924 secs] [Times: user=0.03 sys=0.00, real=0.06 secs] 
31.347: [Full GC (Ergonomics) [PSYoungGen: 1023K->932K(1536K)] [ParOldGen: 4026K->4026K(4096K)] 5050K->4958K(5632K), [Metaspace: 21222K->21222K(1069056K)], 0.0344884 secs] [Times: user=0.05 sys=0.00, real=0.03 secs] 
31.387: [Full GC (Ergonomics) [PSYoungGen: 1022K->943K(1536K)] [ParOldGen: 4026K->4026K(4096K)] 5048K->4969K(5632K), [Metaspace: 21226K->21226K(1069056K)], 0.0381375 secs] [Times: user=0.09 sys=0.00, real=0.04 secs] 
31.432: [Full GC (Ergonomics) [PSYoungGen: 1024K->937K(1536K)] [ParOldGen: 4026K->4026K(4096K)] 5050K->4963K(5632K), [Metaspace: 21233K->21233K(1069056K)], 0.0366375 secs] [Times: user=0.14 sys=0.00, real=0.04 secs] 
31.471: [Full GC (Ergonomics) [PSYoungGen: 1024K->947K(1536K)] [ParOldGen: 4026K->4026K(4096K)] 5050K->4973K(5632K), [Metaspace: 21239K->21239K(1069056K)], 0.0617627 secs] [Times: user=0.05 sys=0.00, real=0.06 secs] 
31.535: [Full GC (Ergonomics) [PSYoungGen: 1024K->943K(1536K)] [ParOldGen: 4026K->4026K(4096K)] 5050K->4969K(5632K), [Metaspace: 21242K->21242K(1069056K)], 0.0564623 secs] [Times: user=0.05 sys=0.00, real=0.06 secs] 
31.594: [Full GC (Ergonomics) [PSYoungGen: 1024K->941K(1536K)] [ParOldGen: 4026K->4026K(4096K)] 5050K->4967K(5632K), [Metaspace: 21247K->21247K(1069056K)], 0.0487804 secs] [Times: user=0.01 sys=0.00, real=0.05 secs] 
31.646: [Full GC (Ergonomics) [PSYoungGen: 1024K->940K(1536K)] [ParOldGen: 4026K->4026K(4096K)] 5050K->4966K(5632K), [Metaspace: 21250K->21250K(1069056K)], 0.0574014 secs] [Times: user=0.08 sys=0.00, real=0.06 secs] 
31.707: [Full GC (Ergonomics) [PSYoungGen: 1024K->943K(1536K)] [ParOldGen: 4026K->4026K(4096K)] 5050K->4969K(5632K), [Metaspace: 21253K->21253K(1069056K)], 0.0363652 secs] [Times: user=0.03 sys=0.02, real=0.04 secs] 
31.745: [Full GC (Ergonomics) [PSYoungGen: 1021K->959K(1536K)] [ParOldGen: 4026K->4026K(4096K)] 5047K->4985K(5632K), [Metaspace: 21255K->21255K(1069056K)], 0.0294770 secs] [Times: user=0.08 sys=0.00, real=0.03 secs] 
31.776: [Full GC (Ergonomics) [PSYoungGen: 1024K->962K(1536K)] [ParOldGen: 4026K->4026K(4096K)] 5050K->4988K(5632K), [Metaspace: 21258K->21258K(1069056K)], 0.0365967 secs] [Times: user=0.05 sys=0.00, real=0.04 secs] 
31.835: [Full GC (Ergonomics) [PSYoungGen: 1024K->976K(1536K)] [ParOldGen: 4026K->4026K(4096K)] 5050K->5002K(5632K), [Metaspace: 21258K->21258K(1069056K)], 0.0986401 secs] [Times: user=0.05 sys=0.00, real=0.10 secs] 
31.935: [Full GC (Ergonomics) [PSYoungGen: 1024K->983K(1536K)] [ParOldGen: 4026K->4026K(4096K)] 5050K->5009K(5632K), [Metaspace: 21258K->21258K(1069056K)], 0.0466042 secs] [Times: user=0.06 sys=0.00, real=0.05 secs] 
31.986: [Full GC (Ergonomics) [PSYoungGen: 1024K->969K(1536K)] [ParOldGen: 4026K->4026K(4096K)] 5050K->4995K(5632K), [Metaspace: 21284K->21284K(1069056K)], 0.0409824 secs] [Times: user=0.01 sys=0.00, real=0.04 secs] 
32.028: [Full GC (Ergonomics) [PSYoungGen: 1022K->963K(1536K)] [ParOldGen: 4026K->4026K(4096K)] 5048K->4989K(5632K), [Metaspace: 21284K->21284K(1069056K)], 0.0357646 secs] [Times: user=0.08 sys=0.00, real=0.03 secs] 
32.065: [Full GC (Ergonomics) [PSYoungGen: 1023K->960K(1536K)] [ParOldGen: 4026K->4026K(4096K)] 5050K->4986K(5632K), [Metaspace: 21287K->21287K(1069056K)], 0.0261448 secs] [Times: user=0.01 sys=0.00, real=0.03 secs] 
32.093: [Full GC (Ergonomics) [PSYoungGen: 1024K->963K(1536K)] [ParOldGen: 4026K->4026K(4096K)] 5050K->4989K(5632K), [Metaspace: 21287K->21287K(1069056K)], 0.0406647 secs] [Times: user=0.13 sys=0.00, real=0.04 secs] 
32.139: [Full GC (Ergonomics) [PSYoungGen: 1023K->968K(1536K)] [ParOldGen: 4026K->4026K(4096K)] 5049K->4994K(5632K), [Metaspace: 21291K->21291K(1069056K)], 0.0464812 secs] [Times: user=0.09 sys=0.00, real=0.05 secs] 
32.189: [Full GC (Ergonomics) [PSYoungGen: 1024K->969K(1536K)] [ParOldGen: 4026K->4026K(4096K)] 5050K->4995K(5632K), [Metaspace: 21297K->21297K(1069056K)], 0.0575779 secs] [Times: user=0.02 sys=0.00, real=0.06 secs] 
32.249: [Full GC (Ergonomics) [PSYoungGen: 1024K->976K(1536K)] [ParOldGen: 4026K->4026K(4096K)] 5050K->5002K(5632K), [Metaspace: 21299K->21299K(1069056K)], 0.0450335 secs] [Times: user=0.05 sys=0.00, real=0.04 secs] 
32.296: [Full GC (Ergonomics) [PSYoungGen: 1022K->983K(1536K)] [ParOldGen: 4026K->4026K(4096K)] 5048K->5009K(5632K), [Metaspace: 21299K->21299K(1069056K)], 0.0448800 secs] [Times: user=0.03 sys=0.00, real=0.05 secs] 
32.343: [Full GC (Ergonomics) [PSYoungGen: 1024K->983K(1536K)] [ParOldGen: 4026K->4026K(4096K)] 5050K->5009K(5632K), [Metaspace: 21304K->21304K(1069056K)], 0.0333649 secs] [Times: user=0.05 sys=0.00, real=0.03 secs] 
32.377: [Full GC (Ergonomics) [PSYoungGen: 1024K->977K(1536K)] [ParOldGen: 4026K->4026K(4096K)] 5050K->5003K(5632K), [Metaspace: 21304K->21304K(1069056K)], 0.0641369 secs] [Times: user=0.06 sys=0.00, real=0.06 secs] 
32.443: [Full GC (Ergonomics) [PSYoungGen: 1024K->975K(1536K)] [ParOldGen: 4026K->4026K(4096K)] 5050K->5001K(5632K), [Metaspace: 21309K->21309K(1069056K)], 0.0317175 secs] [Times: user=0.03 sys=0.00, real=0.03 secs] 
32.476: [Full GC (Ergonomics) [PSYoungGen: 1023K->978K(1536K)] [ParOldGen: 4026K->4026K(4096K)] 5049K->5004K(5632K), [Metaspace: 21309K->21309K(1069056K)], 0.0279044 secs] [Times: user=0.05 sys=0.00, real=0.03 secs] 
32.505: [Full GC (Ergonomics) [PSYoungGen: 1024K->976K(1536K)] [ParOldGen: 4026K->4026K(4096K)] 5050K->5002K(5632K), [Metaspace: 21311K->21311K(1069056K)], 0.0241860 secs] [Times: user=0.02 sys=0.00, real=0.02 secs] 
32.530: [Full GC (Ergonomics) [PSYoungGen: 1024K->978K(1536K)] [ParOldGen: 4026K->4026K(4096K)] 5050K->5004K(5632K), [Metaspace: 21313K->21313K(1069056K)], 0.0349791 secs] [Times: user=0.11 sys=0.00, real=0.04 secs] 
32.566: [Full GC (Ergonomics) [PSYoungGen: 1017K->977K(1536K)] [ParOldGen: 4026K->4026K(4096K)] 5044K->5003K(5632K), [Metaspace: 21313K->21313K(1069056K)], 0.0263785 secs] [Times: user=0.02 sys=0.00, real=0.03 secs] 
32.595: [Full GC (Ergonomics) [PSYoungGen: 1024K->968K(1536K)] [ParOldGen: 4026K->4026K(4096K)] 5050K->4994K(5632K), [Metaspace: 21315K->21304K(1069056K)], 0.0400393 secs] [Times: user=0.02 sys=0.00, real=0.04 secs] 
32.636: [Full GC (Ergonomics) [PSYoungGen: 1024K->971K(1536K)] [ParOldGen: 4026K->4026K(4096K)] 5050K->4997K(5632K), [Metaspace: 21304K->21304K(1069056K)], 0.0329929 secs] [Times: user=0.08 sys=0.00, real=0.03 secs] 
32.672: [Full GC (Ergonomics) [PSYoungGen: 1024K->978K(1536K)] [ParOldGen: 4026K->4026K(4096K)] 5050K->5004K(5632K), [Metaspace: 21310K->21310K(1069056K)], 0.0850817 secs] [Times: user=0.02 sys=0.00, real=0.09 secs] 
32.760: [Full GC (Ergonomics) [PSYoungGen: 1024K->977K(1536K)] [ParOldGen: 4026K->4026K(4096K)] 5050K->5003K(5632K), [Metaspace: 21310K->21310K(1069056K)], 0.0692975 secs] [Times: user=0.03 sys=0.00, real=0.07 secs] 
32.832: [Full GC (Ergonomics) [PSYoungGen: 1023K->980K(1536K)] [ParOldGen: 4026K->4026K(4096K)] 5049K->5006K(5632K), [Metaspace: 21313K->21313K(1069056K)], 0.0422628 secs] [Times: user=0.03 sys=0.00, real=0.04 secs] 
32.877: [Full GC (Ergonomics) [PSYoungGen: 1024K->983K(1536K)] [ParOldGen: 4026K->4024K(4096K)] 5050K->5008K(5632K), [Metaspace: 21314K->21314K(1069056K)], 0.0593868 secs] [Times: user=0.03 sys=0.00, real=0.06 secs] 
32.942: [Full GC (Ergonomics) [PSYoungGen: 1024K->986K(1536K)] [ParOldGen: 4024K->4024K(4096K)] 5048K->5011K(5632K), [Metaspace: 21317K->21317K(1069056K)], 0.0400793 secs] [Times: user=0.02 sys=0.00, real=0.04 secs] 
32.985: [Full GC (Ergonomics) [PSYoungGen: 1024K->993K(1536K)] [ParOldGen: 4024K->4023K(4096K)] 5048K->5017K(5632K), [Metaspace: 21318K->21318K(1069056K)], 0.0456033 secs] [Times: user=0.06 sys=0.00, real=0.05 secs] 
33.031: [Full GC (Ergonomics) [PSYoungGen: 1016K->994K(1536K)] [ParOldGen: 4023K->4023K(4096K)] 5040K->5018K(5632K), [Metaspace: 21318K->21318K(1069056K)], 0.0285204 secs] [Times: user=0.03 sys=0.00, real=0.03 secs] 
33.061: [Full GC (Ergonomics) [PSYoungGen: 1024K->1002K(1536K)] [ParOldGen: 4023K->4023K(4096K)] 5047K->5026K(5632K), [Metaspace: 21318K->21318K(1069056K)], 0.0255537 secs] [Times: user=0.09 sys=0.00, real=0.03 secs] 
33.088: [Full GC (Ergonomics) [PSYoungGen: 1024K->998K(1536K)] [ParOldGen: 4023K->4023K(4096K)] 5047K->5021K(5632K), [Metaspace: 21319K->21319K(1069056K)], 0.0406801 secs] [Times: user=0.08 sys=0.00, real=0.04 secs] 
33.130: [Full GC (Ergonomics) [PSYoungGen: 1019K->1000K(1536K)] [ParOldGen: 4023K->4023K(4096K)] 5043K->5024K(5632K), [Metaspace: 21319K->21319K(1069056K)], 0.0368332 secs] [Times: user=0.01 sys=0.00, real=0.04 secs] 
33.168: [Full GC (Ergonomics) [PSYoungGen: 1024K->1003K(1536K)] [ParOldGen: 4023K->4023K(4096K)] 5047K->5027K(5632K), [Metaspace: 21323K->21323K(1069056K)], 0.0288728 secs] [Times: user=0.06 sys=0.00, real=0.03 secs] 
33.198: [Full GC (Ergonomics) [PSYoungGen: 1024K->1003K(1536K)] [ParOldGen: 4023K->4023K(4096K)] 5047K->5027K(5632K), [Metaspace: 21323K->21323K(1069056K)], 0.0263401 secs] [Times: user=0.03 sys=0.00, real=0.03 secs] 
33.226: [Full GC (Ergonomics) [PSYoungGen: 1024K->996K(1536K)] [ParOldGen: 4023K->4023K(4096K)] 5047K->5020K(5632K), [Metaspace: 21328K->21328K(1069056K)], 0.0298162 secs] [Times: user=0.06 sys=0.00, real=0.03 secs] 
33.257: [Full GC (Ergonomics) [PSYoungGen: 1024K->990K(1536K)] [ParOldGen: 4023K->4023K(4096K)] 5047K->5013K(5632K), [Metaspace: 21328K->21328K(1069056K)], 0.0271845 secs] [Times: user=0.09 sys=0.00, real=0.03 secs] 
33.285: [Full GC (Ergonomics) [PSYoungGen: 1023K->992K(1536K)] [ParOldGen: 4023K->4023K(4096K)] 5047K->5016K(5632K), [Metaspace: 21328K->21328K(1069056K)], 0.0279003 secs] [Times: user=0.06 sys=0.00, real=0.03 secs] 
33.315: [Full GC (Ergonomics) [PSYoungGen: 1024K->993K(1536K)] [ParOldGen: 4023K->4023K(4096K)] 5047K->5016K(5632K), [Metaspace: 21329K->21329K(1069056K)], 0.0253084 secs] [Times: user=0.02 sys=0.00, real=0.02 secs] 
33.340: [Full GC (Ergonomics) [PSYoungGen: 1024K->992K(1536K)] [ParOldGen: 4023K->4023K(4096K)] 5047K->5015K(5632K), [Metaspace: 21329K->21329K(1069056K)], 0.0280963 secs] [Times: user=0.08 sys=0.00, real=0.03 secs] 
33.369: [Full GC (Ergonomics) [PSYoungGen: 1024K->993K(1536K)] [ParOldGen: 4023K->4023K(4096K)] 5047K->5016K(5632K), [Metaspace: 21330K->21330K(1069056K)], 0.0227929 secs] [Times: user=0.06 sys=0.00, real=0.02 secs] 
33.393: [Full GC (Ergonomics) [PSYoungGen: 1024K->991K(1536K)] [ParOldGen: 4023K->4023K(4096K)] 5047K->5015K(5632K), [Metaspace: 21330K->21330K(1069056K)], 0.0296922 secs] [Times: user=0.08 sys=0.00, real=0.03 secs] 
33.423: [Full GC (Ergonomics) [PSYoungGen: 1024K->990K(1536K)] [ParOldGen: 4023K->4023K(4096K)] 5047K->5014K(5632K), [Metaspace: 21330K->21330K(1069056K)], 0.0235470 secs] [Times: user=0.02 sys=0.00, real=0.02 secs] 
33.447: [Full GC (Ergonomics) [PSYoungGen: 1022K->993K(1536K)] [ParOldGen: 4023K->4023K(4096K)] 5046K->5016K(5632K), [Metaspace: 21330K->21330K(1069056K)], 0.0287490 secs] [Times: user=0.05 sys=0.00, real=0.03 secs] 
33.477: [Full GC (Ergonomics) [PSYoungGen: 1024K->999K(1536K)] [ParOldGen: 4023K->4023K(4096K)] 5047K->5022K(5632K), [Metaspace: 21330K->21330K(1069056K)], 0.0320573 secs] [Times: user=0.05 sys=0.00, real=0.03 secs] 
33.511: [Full GC (Ergonomics) [PSYoungGen: 1024K->998K(1536K)] [ParOldGen: 4023K->4022K(4096K)] 5047K->5020K(5632K), [Metaspace: 21335K->21335K(1069056K)], 0.0381090 secs] [Times: user=0.06 sys=0.00, real=0.04 secs] 
33.549: [Full GC (Ergonomics) [PSYoungGen: 1020K->998K(1536K)] [ParOldGen: 4022K->4022K(4096K)] 5042K->5020K(5632K), [Metaspace: 21335K->21335K(1069056K)], 0.0420637 secs] [Times: user=0.03 sys=0.00, real=0.04 secs] 
33.595: [Full GC (Ergonomics) [PSYoungGen: 1024K->1000K(1536K)] [ParOldGen: 4022K->4022K(4096K)] 5046K->5022K(5632K), [Metaspace: 21336K->21336K(1069056K)], 0.0365258 secs] [Times: user=0.03 sys=0.00, real=0.04 secs] 
33.633: [Full GC (Ergonomics) [PSYoungGen: 1024K->998K(1536K)] [ParOldGen: 4022K->4022K(4096K)] 5046K->5021K(5632K), [Metaspace: 21336K->21336K(1069056K)], 0.0368630 secs] [Times: user=0.02 sys=0.00, real=0.04 secs] 
33.670: [Full GC (Ergonomics) [PSYoungGen: 1017K->1002K(1536K)] [ParOldGen: 4022K->4022K(4096K)] 5040K->5024K(5632K), [Metaspace: 21336K->21336K(1069056K)], 0.0421751 secs] [Times: user=0.08 sys=0.00, real=0.04 secs] 
33.713: [Full GC (Ergonomics) [PSYoungGen: 1024K->998K(1536K)] [ParOldGen: 4022K->4022K(4096K)] 5046K->5021K(5632K), [Metaspace: 21336K->21336K(1069056K)], 0.0519865 secs] [Times: user=0.01 sys=0.00, real=0.05 secs] 
33.767: [Full GC (Ergonomics) [PSYoungGen: 1024K->986K(1536K)] [ParOldGen: 4022K->4022K(4096K)] 5046K->5009K(5632K), [Metaspace: 21336K->21321K(1069056K)], 0.0388546 secs] [Times: user=0.05 sys=0.00, real=0.04 secs] 
33.807: [Full GC (Ergonomics) [PSYoungGen: 1024K->991K(1536K)] [ParOldGen: 4022K->4022K(4096K)] 5046K->5013K(5632K), [Metaspace: 21321K->21321K(1069056K)], 0.0455123 secs] [Times: user=0.06 sys=0.00, real=0.05 secs] 
33.853: [Full GC (Ergonomics) [PSYoungGen: 1024K->993K(1536K)] [ParOldGen: 4022K->4022K(4096K)] 5046K->5016K(5632K), [Metaspace: 21321K->21321K(1069056K)], 0.0358698 secs] [Times: user=0.02 sys=0.00, real=0.04 secs] 
33.890: [Full GC (Ergonomics) [PSYoungGen: 1024K->1009K(1536K)] [ParOldGen: 4025K->4024K(4096K)] 5049K->5033K(5632K), [Metaspace: 21321K->21321K(1069056K)], 0.0291285 secs] [Times: user=0.09 sys=0.00, real=0.03 secs] 
33.919: [Full GC (Ergonomics) [PSYoungGen: 1024K->1002K(1536K)] [ParOldGen: 4035K->4028K(4096K)] 5059K->5031K(5632K), [Metaspace: 21324K->21324K(1069056K)], 0.0404626 secs] [Times: user=0.11 sys=0.00, real=0.04 secs] 
33.961: [Full GC (Ergonomics) [PSYoungGen: 1024K->1000K(1536K)] [ParOldGen: 4028K->4026K(4096K)] 5052K->5026K(5632K), [Metaspace: 21325K->21325K(1069056K)], 0.0389226 secs] [Times: user=0.06 sys=0.03, real=0.04 secs] 
34.002: [Full GC (Ergonomics) [PSYoungGen: 1021K->1015K(1536K)] [ParOldGen: 4026K->4026K(4096K)] 5047K->5042K(5632K), [Metaspace: 21325K->21325K(1069056K)], 0.0321092 secs] [Times: user=0.06 sys=0.00, real=0.03 secs] 
34.035: [Full GC (Ergonomics) [PSYoungGen: 1023K->1023K(1536K)] [ParOldGen: 4026K->4026K(4096K)] 5050K->5050K(5632K), [Metaspace: 21325K->21325K(1069056K)], 0.0436026 secs] [Times: user=0.05 sys=0.00, real=0.04 secs] 
34.079: [Full GC (Ergonomics) [PSYoungGen: 1024K->1021K(1536K)] [ParOldGen: 4090K->4062K(4096K)] 5114K->5084K(5632K), [Metaspace: 21325K->21325K(1069056K)], 0.0645834 secs] [Times: user=0.02 sys=0.00, real=0.07 secs] 
34.144: [Full GC (Allocation Failure) [PSYoungGen: 1021K->1021K(1536K)] [ParOldGen: 4062K->4062K(4096K)] 5084K->5084K(5632K), [Metaspace: 21325K->21325K(1069056K)], 0.1020778 secs] [Times: user=0.05 sys=0.01, real=0.10 secs] 
34.251: [Full GC (Ergonomics) [PSYoungGen: 1023K->1003K(1536K)] [ParOldGen: 4064K->4023K(4096K)] 5088K->5027K(5632K), [Metaspace: 21325K->21325K(1069056K)], 0.0701352 secs] [Times: user=0.01 sys=0.00, real=0.07 secs] 
34.322: [Full GC (Ergonomics) [PSYoungGen: 1024K->990K(1536K)] [ParOldGen: 4023K->4023K(4096K)] 5047K->5013K(5632K), [Metaspace: 21325K->21325K(1069056K)], 0.0502079 secs] [Times: user=0.05 sys=0.03, real=0.05 secs] 
34.373: [Full GC (Ergonomics) [PSYoungGen: 1023K->1008K(1536K)] [ParOldGen: 4023K->4023K(4096K)] 5046K->5031K(5632K), [Metaspace: 21325K->21325K(1069056K)], 0.0438761 secs] [Times: user=0.09 sys=0.00, real=0.04 secs] 
34.417: [Full GC (Ergonomics) [PSYoungGen: 1023K->1009K(1536K)] [ParOldGen: 4023K->4023K(4096K)] 5046K->5032K(5632K), [Metaspace: 21325K->21325K(1069056K)], 0.0393096 secs] [Times: user=0.06 sys=0.00, real=0.04 secs] 
34.458: [Full GC (Ergonomics) [PSYoungGen: 1023K->1009K(1536K)] [ParOldGen: 4023K->4023K(4096K)] 5046K->5032K(5632K), [Metaspace: 21325K->21325K(1069056K)], 0.0436576 secs] [Times: user=0.02 sys=0.00, real=0.04 secs] 
34.502: [Full GC (Ergonomics) [PSYoungGen: 1021K->1010K(1536K)] [ParOldGen: 4023K->4023K(4096K)] 5044K->5033K(5632K), [Metaspace: 21325K->21325K(1069056K)], 0.0391534 secs] [Times: user=0.06 sys=0.00, real=0.04 secs] 
34.542: [Full GC (Ergonomics) [PSYoungGen: 1022K->1010K(1536K)] [ParOldGen: 4023K->4023K(4096K)] 5045K->5033K(5632K), [Metaspace: 21325K->21325K(1069056K)], 0.0367173 secs] [Times: user=0.02 sys=0.00, real=0.04 secs] 
34.580: [Full GC (Ergonomics) [PSYoungGen: 1024K->957K(1536K)] [ParOldGen: 4023K->4015K(4096K)] 5047K->4973K(5632K), [Metaspace: 21325K->21325K(1069056K)], 0.0468260 secs] [Times: user=0.06 sys=0.00, real=0.05 secs] 
34.628: [Full GC (Ergonomics) [PSYoungGen: 1023K->943K(1536K)] [ParOldGen: 4015K->4014K(4096K)] 5039K->4958K(5632K), [Metaspace: 21325K->21321K(1069056K)], 0.0315850 secs] [Times: user=0.03 sys=0.02, real=0.03 secs] 
34.668: [Full GC (Ergonomics) [PSYoungGen: 1024K->950K(1536K)] [ParOldGen: 4014K->4014K(4096K)] 5038K->4964K(5632K), [Metaspace: 21328K->21328K(1069056K)], 0.0410026 secs] [Times: user=0.06 sys=0.00, real=0.04 secs] 
34.710: [Full GC (Ergonomics) [PSYoungGen: 1022K->944K(1536K)] [ParOldGen: 4014K->4014K(4096K)] 5036K->4958K(5632K), [Metaspace: 21329K->21325K(1069056K)], 0.0352223 secs] [Times: user=0.03 sys=0.02, real=0.04 secs] 
34.748: [Full GC (Ergonomics) [PSYoungGen: 1023K->961K(1536K)] [ParOldGen: 4014K->4013K(4096K)] 5038K->4975K(5632K), [Metaspace: 21329K->21329K(1069056K)], 0.0363709 secs] [Times: user=0.16 sys=0.00, real=0.04 secs] 
34.784: [Full GC (Ergonomics) [PSYoungGen: 1022K->963K(1536K)] [ParOldGen: 4013K->4013K(4096K)] 5036K->4977K(5632K), [Metaspace: 21329K->21329K(1069056K)], 0.0359196 secs] [Times: user=0.01 sys=0.00, real=0.04 secs] 
34.821: [Full GC (Ergonomics) [PSYoungGen: 1023K->972K(1536K)] [ParOldGen: 4013K->4013K(4096K)] 5037K->4986K(5632K), [Metaspace: 21329K->21329K(1069056K)], 0.0356942 secs] [Times: user=0.02 sys=0.00, real=0.04 secs] 
34.857: [Full GC (Ergonomics) [PSYoungGen: 1022K->960K(1536K)] [ParOldGen: 4013K->4013K(4096K)] 5036K->4973K(5632K), [Metaspace: 21329K->21329K(1069056K)], 0.0360142 secs] [Times: user=0.08 sys=0.00, real=0.04 secs] 
34.894: [Full GC (Ergonomics) [PSYoungGen: 1024K->980K(1536K)] [ParOldGen: 4013K->4013K(4096K)] 5037K->4993K(5632K), [Metaspace: 21330K->21330K(1069056K)], 0.0297460 secs] [Times: user=0.06 sys=0.01, real=0.03 secs] 
34.924: [Full GC (Ergonomics) [PSYoungGen: 1023K->974K(1536K)] [ParOldGen: 4013K->4013K(4096K)] 5036K->4988K(5632K), [Metaspace: 21330K->21330K(1069056K)], 0.0262234 secs] [Times: user=0.02 sys=0.02, real=0.03 secs] 
34.951: [Full GC (Ergonomics) [PSYoungGen: 1022K->975K(1536K)] [ParOldGen: 4013K->4013K(4096K)] 5035K->4989K(5632K), [Metaspace: 21330K->21330K(1069056K)], 0.0281692 secs] [Times: user=0.09 sys=0.01, real=0.03 secs] 
34.979: [Full GC (Ergonomics) [PSYoungGen: 1022K->984K(1536K)] [ParOldGen: 4013K->4013K(4096K)] 5036K->4998K(5632K), [Metaspace: 21330K->21330K(1069056K)], 0.0344787 secs] [Times: user=0.02 sys=0.00, real=0.03 secs] 
35.018: [Full GC (Ergonomics) [PSYoungGen: 1024K->959K(1536K)] [ParOldGen: 4013K->4013K(4096K)] 5037K->4973K(5632K), [Metaspace: 21338K->21338K(1069056K)], 0.0352425 secs] [Times: user=0.02 sys=0.02, real=0.04 secs] 
35.054: [Full GC (Ergonomics) [PSYoungGen: 1023K->969K(1536K)] [ParOldGen: 4013K->4013K(4096K)] 5036K->4982K(5632K), [Metaspace: 21338K->21338K(1069056K)], 0.0351688 secs] [Times: user=0.03 sys=0.03, real=0.04 secs] 
35.090: [Full GC (Ergonomics) [PSYoungGen: 1024K->965K(1536K)] [ParOldGen: 4013K->4013K(4096K)] 5037K->4978K(5632K), [Metaspace: 21338K->21338K(1069056K)], 0.0366328 secs] [Times: user=0.06 sys=0.00, real=0.04 secs] 
35.127: [Full GC (Ergonomics) [PSYoungGen: 1021K->967K(1536K)] [ParOldGen: 4013K->4013K(4096K)] 5034K->4980K(5632K), [Metaspace: 21338K->21338K(1069056K)], 0.0344401 secs] [Times: user=0.02 sys=0.03, real=0.03 secs] 
35.162: [Full GC (Ergonomics) [PSYoungGen: 1022K->976K(1536K)] [ParOldGen: 4013K->4013K(4096K)] 5036K->4990K(5632K), [Metaspace: 21342K->21342K(1069056K)], 0.0292131 secs] [Times: user=0.05 sys=0.01, real=0.03 secs] 
35.194: [Full GC (Ergonomics) [PSYoungGen: 1021K->967K(1536K)] [ParOldGen: 4013K->4013K(4096K)] 5035K->4981K(5632K), [Metaspace: 21342K->21342K(1069056K)], 0.0356017 secs] [Times: user=0.03 sys=0.02, real=0.04 secs] 
35.237: [Full GC (Ergonomics) [PSYoungGen: 1021K->960K(1536K)] [ParOldGen: 4013K->4013K(4096K)] 5034K->4973K(5632K), [Metaspace: 21349K->21349K(1069056K)], 0.0564752 secs] [Times: user=0.06 sys=0.00, real=0.06 secs] 
35.294: [Full GC (Ergonomics) [PSYoungGen: 1021K->964K(1536K)] [ParOldGen: 4013K->4013K(4096K)] 5035K->4978K(5632K), [Metaspace: 21349K->21349K(1069056K)], 0.0301900 secs] [Times: user=0.09 sys=0.01, real=0.03 secs] 
35.325: [Full GC (Ergonomics) [PSYoungGen: 1023K->966K(1536K)] [ParOldGen: 4013K->4013K(4096K)] 5036K->4979K(5632K), [Metaspace: 21349K->21349K(1069056K)], 0.0460791 secs] [Times: user=0.06 sys=0.00, real=0.05 secs] 
35.371: [Full GC (Ergonomics) [PSYoungGen: 1023K->977K(1536K)] [ParOldGen: 4013K->4013K(4096K)] 5036K->4990K(5632K), [Metaspace: 21349K->21349K(1069056K)], 0.0297649 secs] [Times: user=0.08 sys=0.00, real=0.03 secs] 
35.402: [Full GC (Ergonomics) [PSYoungGen: 1022K->962K(1536K)] [ParOldGen: 4013K->4013K(4096K)] 5035K->4975K(5632K), [Metaspace: 21353K->21353K(1069056K)], 0.0328750 secs] [Times: user=0.02 sys=0.02, real=0.03 secs] 
35.437: [Full GC (Ergonomics) [PSYoungGen: 1023K->977K(1536K)] [ParOldGen: 4013K->4013K(4096K)] 5037K->4990K(5632K), [Metaspace: 21357K->21357K(1069056K)], 0.0287447 secs] [Times: user=0.06 sys=0.00, real=0.03 secs] 
35.466: [Full GC (Ergonomics) [PSYoungGen: 1023K->968K(1536K)] [ParOldGen: 4013K->4013K(4096K)] 5037K->4982K(5632K), [Metaspace: 21357K->21357K(1069056K)], 0.0269975 secs] [Times: user=0.11 sys=0.00, real=0.03 secs] 
35.494: [Full GC (Ergonomics) [PSYoungGen: 1022K->969K(1536K)] [ParOldGen: 4013K->4013K(4096K)] 5036K->4983K(5632K), [Metaspace: 21357K->21357K(1069056K)], 0.0251008 secs] [Times: user=0.06 sys=0.03, real=0.03 secs] 
35.519: [Full GC (Ergonomics) [PSYoungGen: 1023K->979K(1536K)] [ParOldGen: 4013K->4013K(4096K)] 5037K->4992K(5632K), [Metaspace: 21357K->21357K(1069056K)], 0.1923513 secs] [Times: user=0.02 sys=0.03, real=0.19 secs] 
35.713: [Full GC (Ergonomics) [PSYoungGen: 1021K->974K(1536K)] [ParOldGen: 4013K->4013K(4096K)] 5034K->4987K(5632K), [Metaspace: 21357K->21357K(1069056K)], 0.0434064 secs] [Times: user=0.05 sys=0.00, real=0.04 secs] 
35.759: [Full GC (Ergonomics) [PSYoungGen: 1023K->965K(1536K)] [ParOldGen: 4013K->4013K(4096K)] 5037K->4978K(5632K), [Metaspace: 21366K->21366K(1069056K)], 0.0450757 secs] [Times: user=0.06 sys=0.00, real=0.04 secs] 
35.808: [Full GC (Ergonomics) [PSYoungGen: 1023K->971K(1536K)] [ParOldGen: 4013K->4013K(4096K)] 5036K->4985K(5632K), [Metaspace: 21370K->21370K(1069056K)], 0.0347136 secs] [Times: user=0.06 sys=0.00, real=0.04 secs] 
35.843: [Full GC (Ergonomics) [PSYoungGen: 1022K->973K(1536K)] [ParOldGen: 4013K->4013K(4096K)] 5035K->4986K(5632K), [Metaspace: 21370K->21370K(1069056K)], 0.0535652 secs] [Times: user=0.06 sys=0.00, real=0.05 secs] 
35.897: [Full GC (Ergonomics) [PSYoungGen: 1021K->974K(1536K)] [ParOldGen: 4013K->4013K(4096K)] 5034K->4987K(5632K), [Metaspace: 21370K->21370K(1069056K)], 0.0435885 secs] [Times: user=0.02 sys=0.01, real=0.04 secs] 
35.941: [Full GC (Ergonomics) [PSYoungGen: 1022K->983K(1536K)] [ParOldGen: 4013K->4013K(4096K)] 5035K->4996K(5632K), [Metaspace: 21370K->21370K(1069056K)], 0.0404678 secs] [Times: user=0.01 sys=0.02, real=0.04 secs] 
35.987: [Full GC (Ergonomics) [PSYoungGen: 1024K->959K(1536K)] [ParOldGen: 4013K->4013K(4096K)] 5037K->4972K(5632K), [Metaspace: 21372K->21372K(1069056K)], 0.0618513 secs] [Times: user=0.01 sys=0.00, real=0.06 secs] 
36.049: [Full GC (Ergonomics) [PSYoungGen: 1024K->967K(1536K)] [ParOldGen: 4013K->4013K(4096K)] 5037K->4980K(5632K), [Metaspace: 21372K->21372K(1069056K)], 0.0555307 secs] [Times: user=0.05 sys=0.00, real=0.06 secs] 
36.110: [Full GC (Ergonomics) [PSYoungGen: 1024K->960K(1536K)] [ParOldGen: 4013K->4013K(4096K)] 5037K->4974K(5632K), [Metaspace: 21381K->21381K(1069056K)], 0.0527925 secs] [Times: user=0.05 sys=0.01, real=0.05 secs] 
36.164: [Full GC (Ergonomics) [PSYoungGen: 1022K->975K(1536K)] [ParOldGen: 4013K->4013K(4096K)] 5035K->4988K(5632K), [Metaspace: 21381K->21381K(1069056K)], 0.0570762 secs] [Times: user=0.05 sys=0.00, real=0.06 secs] 
36.222: [Full GC (Ergonomics) [PSYoungGen: 1023K->976K(1536K)] [ParOldGen: 4013K->4013K(4096K)] 5036K->4990K(5632K), [Metaspace: 21381K->21381K(1069056K)], 0.0573573 secs] [Times: user=0.02 sys=0.00, real=0.06 secs] 
36.281: [Full GC (Ergonomics) [PSYoungGen: 1024K->985K(1536K)] [ParOldGen: 4013K->4013K(4096K)] 5037K->4998K(5632K), [Metaspace: 21381K->21381K(1069056K)], 0.0515629 secs] [Times: user=0.03 sys=0.00, real=0.05 secs] 
36.333: [Full GC (Ergonomics) [PSYoungGen: 1022K->986K(1536K)] [ParOldGen: 4013K->4013K(4096K)] 5036K->5000K(5632K), [Metaspace: 21381K->21381K(1069056K)], 0.0467922 secs] [Times: user=0.03 sys=0.03, real=0.05 secs] 
36.386: [Full GC (Ergonomics) [PSYoungGen: 1024K->975K(1536K)] [ParOldGen: 4013K->4013K(4096K)] 5037K->4988K(5632K), [Metaspace: 21387K->21387K(1069056K)], 0.0468066 secs] [Times: user=0.11 sys=0.00, real=0.05 secs] 
36.434: [Full GC (Ergonomics) [PSYoungGen: 1024K->982K(1536K)] [ParOldGen: 4013K->4013K(4096K)] 5037K->4995K(5632K), [Metaspace: 21387K->21387K(1069056K)], 0.0448701 secs] [Times: user=0.16 sys=0.00, real=0.04 secs] 
36.479: [Full GC (Ergonomics) [PSYoungGen: 1024K->980K(1536K)] [ParOldGen: 4013K->4013K(4096K)] 5037K->4993K(5632K), [Metaspace: 21387K->21387K(1069056K)], 0.0526873 secs] [Times: user=0.06 sys=0.00, real=0.05 secs] 
36.532: [Full GC (Ergonomics) [PSYoungGen: 1023K->981K(1536K)] [ParOldGen: 4013K->4013K(4096K)] 5036K->4994K(5632K), [Metaspace: 21387K->21387K(1069056K)], 0.0456709 secs] [Times: user=0.03 sys=0.00, real=0.05 secs] 
36.579: [Full GC (Ergonomics) [PSYoungGen: 1018K->986K(1536K)] [ParOldGen: 4013K->4013K(4096K)] 5032K->4999K(5632K), [Metaspace: 21387K->21387K(1069056K)], 0.0434721 secs] [Times: user=0.03 sys=0.00, real=0.04 secs] 
36.623: [Full GC (Ergonomics) [PSYoungGen: 1022K->991K(1536K)] [ParOldGen: 4013K->4013K(4096K)] 5035K->5004K(5632K), [Metaspace: 21387K->21387K(1069056K)], 0.0719282 secs] [Times: user=0.05 sys=0.00, real=0.07 secs] 
36.695: [Full GC (Ergonomics) [PSYoungGen: 1023K->978K(1536K)] [ParOldGen: 4013K->4013K(4096K)] 5036K->4991K(5632K), [Metaspace: 21387K->21387K(1069056K)], 0.0526437 secs] [Times: user=0.02 sys=0.00, real=0.05 secs] 
36.749: [Full GC (Ergonomics) [PSYoungGen: 1024K->974K(1536K)] [ParOldGen: 4013K->4013K(4096K)] 5037K->4988K(5632K), [Metaspace: 21388K->21384K(1069056K)], 0.0577511 secs] [Times: user=0.05 sys=0.02, real=0.06 secs] 
36.816: [Full GC (Ergonomics) [PSYoungGen: 1023K->968K(1536K)] [ParOldGen: 4013K->4013K(4096K)] 5036K->4981K(5632K), [Metaspace: 21397K->21397K(1069056K)], 0.0503326 secs] [Times: user=0.06 sys=0.02, real=0.05 secs] 
36.872: [Full GC (Ergonomics) [PSYoungGen: 1024K->973K(1536K)] [ParOldGen: 4013K->4013K(4096K)] 5037K->4986K(5632K), [Metaspace: 21404K->21404K(1069056K)], 0.0652963 secs] [Times: user=0.06 sys=0.00, real=0.07 secs] 
36.943: [Full GC (Ergonomics) [PSYoungGen: 1024K->964K(1536K)] [ParOldGen: 4013K->4013K(4096K)] 5037K->4977K(5632K), [Metaspace: 21412K->21408K(1069056K)], 0.0542934 secs] [Times: user=0.02 sys=0.01, real=0.06 secs] 
36.998: [Full GC (Ergonomics) [PSYoungGen: 1024K->981K(1536K)] [ParOldGen: 4017K->4014K(4096K)] 5041K->4996K(5632K), [Metaspace: 21408K->21408K(1069056K)], 0.0411120 secs] [Times: user=0.05 sys=0.00, real=0.04 secs] 
37.040: [Full GC (Ergonomics) [PSYoungGen: 987K->982K(1536K)] [ParOldGen: 4014K->4013K(4096K)] 5001K->4996K(5632K), [Metaspace: 21408K->21408K(1069056K)], 0.0445242 secs] [Times: user=0.06 sys=0.00, real=0.04 secs] 
37.086: [Full GC (Ergonomics) [PSYoungGen: 1023K->986K(1536K)] [ParOldGen: 4013K->4013K(4096K)] 5037K->4999K(5632K), [Metaspace: 21412K->21412K(1069056K)], 0.0458106 secs] [Times: user=0.02 sys=0.02, real=0.05 secs] 
37.135: [Full GC (Ergonomics) [PSYoungGen: 1024K->988K(1536K)] [ParOldGen: 4013K->4013K(4096K)] 5037K->5001K(5632K), [Metaspace: 21415K->21415K(1069056K)], 0.0627861 secs] [Times: user=0.09 sys=0.00, real=0.06 secs] 
37.198: [Full GC (Ergonomics) [PSYoungGen: 1023K->988K(1536K)] [ParOldGen: 4013K->4013K(4096K)] 5036K->5002K(5632K), [Metaspace: 21415K->21415K(1069056K)], 0.0327886 secs] [Times: user=0.02 sys=0.00, real=0.03 secs] 
37.232: [Full GC (Ergonomics) [PSYoungGen: 1020K->989K(1536K)] [ParOldGen: 4013K->4013K(4096K)] 5033K->5002K(5632K), [Metaspace: 21415K->21415K(1069056K)], 0.0800884 secs] [Times: user=0.05 sys=0.01, real=0.08 secs] 
37.312: [Full GC (Ergonomics) [PSYoungGen: 1022K->990K(1536K)] [ParOldGen: 4013K->4013K(4096K)] 5035K->5003K(5632K), [Metaspace: 21415K->21415K(1069056K)], 0.0732681 secs] [Times: user=0.06 sys=0.00, real=0.07 secs] 
37.386: [Full GC (Ergonomics) [PSYoungGen: 1022K->990K(1536K)] [ParOldGen: 4013K->4013K(4096K)] 5036K->5003K(5632K), [Metaspace: 21415K->21415K(1069056K)], 0.0837864 secs] [Times: user=0.03 sys=0.00, real=0.08 secs] 
37.470: [Full GC (Ergonomics) [PSYoungGen: 1016K->995K(1536K)] [ParOldGen: 4013K->4013K(4096K)] 5029K->5009K(5632K), [Metaspace: 21415K->21415K(1069056K)], 0.0607719 secs] [Times: user=0.03 sys=0.02, real=0.06 secs] 
37.532: [Full GC (Ergonomics) [PSYoungGen: 1023K->981K(1536K)] [ParOldGen: 4013K->4013K(4096K)] 5036K->4994K(5632K), [Metaspace: 21415K->21415K(1069056K)], 0.0569195 secs] [Times: user=0.06 sys=0.00, real=0.06 secs] 
37.597: [Full GC (Ergonomics) [PSYoungGen: 1023K->978K(1536K)] [ParOldGen: 4013K->4013K(4096K)] 5036K->4992K(5632K), [Metaspace: 21419K->21419K(1069056K)], 0.0698051 secs] [Times: user=0.08 sys=0.00, real=0.07 secs] 
37.671: [Full GC (Ergonomics) [PSYoungGen: 1024K->971K(1536K)] [ParOldGen: 4013K->4013K(4096K)] 5037K->4984K(5632K), [Metaspace: 21424K->21420K(1069056K)], 0.0766879 secs] [Times: user=0.03 sys=0.00, real=0.08 secs] 
37.750: [Full GC (Ergonomics) [PSYoungGen: 1024K->972K(1536K)] [ParOldGen: 4013K->4013K(4096K)] 5037K->4985K(5632K), [Metaspace: 21422K->21422K(1069056K)], 0.0662655 secs] [Times: user=0.05 sys=0.02, real=0.07 secs] 
37.868: [Full GC (Ergonomics) [PSYoungGen: 1024K->953K(1536K)] [ParOldGen: 4013K->4008K(4096K)] 5037K->4961K(5632K), [Metaspace: 21430K->21397K(1069056K)], 0.0933181 secs] [Times: user=0.08 sys=0.00, real=0.09 secs] 
Heap
 PSYoungGen      total 1536K, used 972K [0x00000000ffe00000, 0x0000000100000000, 0x0000000100000000)
  eden space 1024K, 95% used [0x00000000ffe00000,0x00000000ffef3398,0x00000000fff00000)
  from space 512K, 0% used [0x00000000fff00000,0x00000000fff00000,0x00000000fff80000)
  to   space 512K, 0% used [0x00000000fff80000,0x00000000fff80000,0x0000000100000000)
 ParOldGen       total 4096K, used 4008K [0x00000000ffa00000, 0x00000000ffe00000, 0x00000000ffe00000)
  object space 4096K, 97% used [0x00000000ffa00000,0x00000000ffdea160,0x00000000ffe00000)
 Metaspace       used 21397K, capacity 22132K, committed 22272K, reserved 1069056K
  class space    used 2851K, capacity 3052K, committed 3072K, reserved 1048576K
